Archive member included to satisfy reference by file (symbol)

C:/ST/STM32CubeIDE_2.1.1/STM32CubeIDE/plugins/com.st.stm32cube.ide.mcu.externaltools.gnu-tools-for-stm32.14.3.rel1.win32_1.0.100.202602081740/tools/bin/../lib/gcc/arm-none-eabi/14.3.1/../../../../arm-none-eabi/lib/thumb/v7e-m+fp/hard\libc_nano.a(libc_a-exit.o)
                              C:/ST/STM32CubeIDE_2.1.1/STM32CubeIDE/plugins/com.st.stm32cube.ide.mcu.externaltools.gnu-tools-for-stm32.14.3.rel1.win32_1.0.100.202602081740/tools/bin/../lib/gcc/arm-none-eabi/14.3.1/../../../../arm-none-eabi/lib/thumb/v7e-m+fp/hard/crt0.o (exit)
C:/ST/STM32CubeIDE_2.1.1/STM32CubeIDE/plugins/com.st.stm32cube.ide.mcu.externaltools.gnu-tools-for-stm32.14.3.rel1.win32_1.0.100.202602081740/tools/bin/../lib/gcc/arm-none-eabi/14.3.1/../../../../arm-none-eabi/lib/thumb/v7e-m+fp/hard\libc_nano.a(libc_a-findfp.o)
                              C:/ST/STM32CubeIDE_2.1.1/STM32CubeIDE/plugins/com.st.stm32cube.ide.mcu.externaltools.gnu-tools-for-stm32.14.3.rel1.win32_1.0.100.202602081740/tools/bin/../lib/gcc/arm-none-eabi/14.3.1/../../../../arm-none-eabi/lib/thumb/v7e-m+fp/hard\libc_nano.a(libc_a-exit.o) (__stdio_exit_handler)
C:/ST/STM32CubeIDE_2.1.1/STM32CubeIDE/plugins/com.st.stm32cube.ide.mcu.externaltools.gnu-tools-for-stm32.14.3.rel1.win32_1.0.100.202602081740/tools/bin/../lib/gcc/arm-none-eabi/14.3.1/../../../../arm-none-eabi/lib/thumb/v7e-m+fp/hard\libc_nano.a(libc_a-fwalk.o)
                              C:/ST/STM32CubeIDE_2.1.1/STM32CubeIDE/plugins/com.st.stm32cube.ide.mcu.externaltools.gnu-tools-for-stm32.14.3.rel1.win32_1.0.100.202602081740/tools/bin/../lib/gcc/arm-none-eabi/14.3.1/../../../../arm-none-eabi/lib/thumb/v7e-m+fp/hard\libc_nano.a(libc_a-findfp.o) (_fwalk_sglue)
C:/ST/STM32CubeIDE_2.1.1/STM32CubeIDE/plugins/com.st.stm32cube.ide.mcu.externaltools.gnu-tools-for-stm32.14.3.rel1.win32_1.0.100.202602081740/tools/bin/../lib/gcc/arm-none-eabi/14.3.1/../../../../arm-none-eabi/lib/thumb/v7e-m+fp/hard\libc_nano.a(libc_a-puts.o)
                              ./Core/Src/main.o (puts)
C:/ST/STM32CubeIDE_2.1.1/STM32CubeIDE/plugins/com.st.stm32cube.ide.mcu.externaltools.gnu-tools-for-stm32.14.3.rel1.win32_1.0.100.202602081740/tools/bin/../lib/gcc/arm-none-eabi/14.3.1/../../../../arm-none-eabi/lib/thumb/v7e-m+fp/hard\libc_nano.a(libc_a-stdio.o)
                              C:/ST/STM32CubeIDE_2.1.1/STM32CubeIDE/plugins/com.st.stm32cube.ide.mcu.externaltools.gnu-tools-for-stm32.14.3.rel1.win32_1.0.100.202602081740/tools/bin/../lib/gcc/arm-none-eabi/14.3.1/../../../../arm-none-eabi/lib/thumb/v7e-m+fp/hard\libc_nano.a(libc_a-findfp.o) (__sread)
C:/ST/STM32CubeIDE_2.1.1/STM32CubeIDE/plugins/com.st.stm32cube.ide.mcu.externaltools.gnu-tools-for-stm32.14.3.rel1.win32_1.0.100.202602081740/tools/bin/../lib/gcc/arm-none-eabi/14.3.1/../../../../arm-none-eabi/lib/thumb/v7e-m+fp/hard\libc_nano.a(libc_a-wbuf.o)
                              C:/ST/STM32CubeIDE_2.1.1/STM32CubeIDE/plugins/com.st.stm32cube.ide.mcu.externaltools.gnu-tools-for-stm32.14.3.rel1.win32_1.0.100.202602081740/tools/bin/../lib/gcc/arm-none-eabi/14.3.1/../../../../arm-none-eabi/lib/thumb/v7e-m+fp/hard\libc_nano.a(libc_a-puts.o) (__swbuf_r)
C:/ST/STM32CubeIDE_2.1.1/STM32CubeIDE/plugins/com.st.stm32cube.ide.mcu.externaltools.gnu-tools-for-stm32.14.3.rel1.win32_1.0.100.202602081740/tools/bin/../lib/gcc/arm-none-eabi/14.3.1/../../../../arm-none-eabi/lib/thumb/v7e-m+fp/hard\libc_nano.a(libc_a-wsetup.o)
                              C:/ST/STM32CubeIDE_2.1.1/STM32CubeIDE/plugins/com.st.stm32cube.ide.mcu.externaltools.gnu-tools-for-stm32.14.3.rel1.win32_1.0.100.202602081740/tools/bin/../lib/gcc/arm-none-eabi/14.3.1/../../../../arm-none-eabi/lib/thumb/v7e-m+fp/hard\libc_nano.a(libc_a-puts.o) (__swsetup_r)
C:/ST/STM32CubeIDE_2.1.1/STM32CubeIDE/plugins/com.st.stm32cube.ide.mcu.externaltools.gnu-tools-for-stm32.14.3.rel1.win32_1.0.100.202602081740/tools/bin/../lib/gcc/arm-none-eabi/14.3.1/../../../../arm-none-eabi/lib/thumb/v7e-m+fp/hard\libc_nano.a(libc_a-memcmp.o)
                              ./ThirdParty/SEGGER/OS/SEGGER_SYSVIEW_FreeRTOS.o (memcmp)
C:/ST/STM32CubeIDE_2.1.1/STM32CubeIDE/plugins/com.st.stm32cube.ide.mcu.externaltools.gnu-tools-for-stm32.14.3.rel1.win32_1.0.100.202602081740/tools/bin/../lib/gcc/arm-none-eabi/14.3.1/../../../../arm-none-eabi/lib/thumb/v7e-m+fp/hard\libc_nano.a(libc_a-memset.o)
                              C:/ST/STM32CubeIDE_2.1.1/STM32CubeIDE/plugins/com.st.stm32cube.ide.mcu.externaltools.gnu-tools-for-stm32.14.3.rel1.win32_1.0.100.202602081740/tools/bin/../lib/gcc/arm-none-eabi/14.3.1/../../../../arm-none-eabi/lib/thumb/v7e-m+fp/hard/crt0.o (memset)
C:/ST/STM32CubeIDE_2.1.1/STM32CubeIDE/plugins/com.st.stm32cube.ide.mcu.externaltools.gnu-tools-for-stm32.14.3.rel1.win32_1.0.100.202602081740/tools/bin/../lib/gcc/arm-none-eabi/14.3.1/../../../../arm-none-eabi/lib/thumb/v7e-m+fp/hard\libc_nano.a(libc_a-closer.o)
[...]
Memory Configuration

Name             Origin             Length             Attributes
RAM              0x20000000         0x00020000         xrw
FLASH            0x08000000         0x00080000         xr
*default*        0x00000000         0xffffffff

Linker script and memory map

LOAD C:/ST/STM32CubeIDE_2.1.1/STM32CubeIDE/plugins/com.st.stm32cube.ide.mcu.externaltools.gnu-tools-for-stm32.14.3.rel1.win32_1.0.100.202602081740/tools/bin/../lib/gcc/arm-none-eabi/14.3.1/thumb/v7e-m+fp/hard/crti.o
LOAD C:/ST/STM32CubeIDE_2.1.1/STM32CubeIDE/plugins/com.st.stm32cube.ide.mcu.externaltools.gnu-tools-for-stm32.14.3.rel1.win32_1.0.100.202602081740/tools/bin/../lib/gcc/arm-none-eabi/14.3.1/thumb/v7e-m+fp/hard/crtbegin.o
LOAD C:/ST/STM32CubeIDE_2.1.1/STM32CubeIDE/plugins/com.st.stm32cube.ide.mcu.externaltools.gnu-tools-for-stm32.14.3.rel1.win32_1.0.100.202602081740/tools/bin/../lib/gcc/arm-none-eabi/14.3.1/../../../../arm-none-eabi/lib/thumb/v7e-m+fp/hard/crt0.o
LOAD ./Core/Src/main.o
LOAD ./Core/Src/stm32f4xx_hal_msp.o
LOAD ./Core/Src/stm32f4xx_hal_timebase_tim.o
LOAD ./Core/Src/stm32f4xx_it.o
LOAD ./Core/Src/syscalls.o
LOAD ./Core/Src/system_stm32f4xx.o
LOAD ./Core/Startup/startup_stm32f446retx.o
LOAD ./Drivers/STM32F4xx_HAL_Driver/Src/stm32f4xx_hal.o
LOAD ./Drivers/STM32F4xx_HAL_Driver/Src/stm32f4xx_hal_cortex.o
LOAD ./Drivers/STM32F4xx_HAL_Driver/Src/stm32f4xx_hal_dma.o
LOAD ./Drivers/STM32F4xx_HAL_Driver/Src/stm32f4xx_hal_dma_ex.o
LOAD ./Drivers/STM32F4xx_HAL_Driver/Src/stm32f4xx_hal_exti.o
LOAD ./Drivers/STM32F4xx_HAL_Driver/Src/stm32f4xx_hal_flash.o
LOAD ./Drivers/STM32F4xx_HAL_Driver/Src/stm32f4xx_hal_flash_ex.o
LOAD ./Drivers/STM32F4xx_HAL_Driver/Src/stm32f4xx_hal_flash_ramfunc.o
LOAD ./Drivers/STM32F4xx_HAL_Driver/Src/stm32f4xx_hal_gpio.o
LOAD ./Drivers/STM32F4xx_HAL_Driver/Src/stm32f4xx_hal_pwr.o
LOAD ./Drivers/STM32F4xx_HAL_Driver/Src/stm32f4xx_hal_pwr_ex.o
LOAD ./Drivers/STM32F4xx_HAL_Driver/Src/stm32f4xx_hal_rcc.o
LOAD ./Drivers/STM32F4xx_HAL_Driver/Src/stm32f4xx_hal_rcc_ex.o
LOAD ./Drivers/STM32F4xx_HAL_Driver/Src/stm32f4xx_hal_tim.o
LOAD ./Drivers/STM32F4xx_HAL_Driver/Src/stm32f4xx_hal_tim_ex.o
LOAD ./ThirdParty/FreeRTOS/croutine.o
LOAD ./ThirdParty/FreeRTOS/event_groups.o
LOAD ./ThirdParty/FreeRTOS/list.o
LOAD ./ThirdParty/FreeRTOS/queue.o
LOAD ./ThirdParty/FreeRTOS/stream_buffer.o
LOAD ./ThirdParty/FreeRTOS/tasks.o
LOAD ./ThirdParty/FreeRTOS/timers.o
LOAD ./ThirdParty/FreeRTOS/portable/GCC/ARM_CM4F/port.o
LOAD ./ThirdParty/FreeRTOS/portable/MemMang/heap_4.o
LOAD ./ThirdParty/SEGGER/Config/SEGGER_SYSVIEW_Config_FreeRTOS.o
LOAD ./ThirdParty/SEGGER/OS/SEGGER_SYSVIEW_FreeRTOS.o
LOAD ./ThirdParty/SEGGER/SEGGER/SEGGER_RTT.o
LOAD ./ThirdParty/SEGGER/SEGGER/SEGGER_RTT_ASM_ARMv7M.o
LOAD ./ThirdParty/SEGGER/SEGGER/SEGGER_RTT_printf.o
LOAD ./ThirdParty/SEGGER/SEGGER/Syscalls/SEGGER_RTT_Syscalls_GCC.o
LOAD ./ThirdParty/SEGGER/SYSVIEW/SEGGER_SYSVIEW.o
START GROUP
LOAD C:/ST/STM32CubeIDE_2.1.1/STM32CubeIDE/plugins/com.st.stm32cube.ide.mcu.externaltools.gnu-tools-for-stm32.14.3.rel1.win32_1.0.100.202602081740/tools/bin/../lib/gcc/arm-none-eabi/14.3.1/../../../../arm-none-eabi/lib/thumb/v7e-m+fp/hard\libc_nano.a
LOAD C:/ST/STM32CubeIDE_2.1.1/STM32CubeIDE/plugins/com.st.stm32cube.ide.mcu.externaltools.gnu-tools-for-stm32.14.3.rel1.win32_1.0.100.202602081740/tools/bin/../lib/gcc/arm-none-eabi/14.3.1/../../../../arm-none-eabi/lib/thumb/v7e-m+fp/hard\libm.a
END GROUP
START GROUP
LOAD C:/ST/STM32CubeIDE_2.1.1/STM32CubeIDE/plugins/com.st.stm32cube.ide.mcu.externaltools.gnu-tools-for-stm32.14.3.rel1.win32_1.0.100.202602081740/tools/bin/../lib/gcc/arm-none-eabi/14.3.1/thumb/v7e-m+fp/hard\libgcc.a
LOAD C:/ST/STM32CubeIDE_2.1.1/STM32CubeIDE/plugins/com.st.stm32cube.ide.mcu.externaltools.gnu-tools-for-stm32.14.3.rel1.win32_1.0.100.202602081740/tools/bin/../lib/gcc/arm-none-eabi/14.3.1/../../../../arm-none-eabi/lib/thumb/v7e-m+fp/hard\libc_nano.a
END GROUP
START GROUP
LOAD C:/ST/STM32CubeIDE_2.1.1/STM32CubeIDE/plugins/com.st.stm32cube.ide.mcu.externaltools.gnu-tools-for-stm32.14.3.rel1.win32_1.0.100.202602081740/tools/bin/../lib/gcc/arm-none-eabi/14.3.1/thumb/v7e-m+fp/hard\libgcc.a
LOAD C:/ST/STM32CubeIDE_2.1.1/STM32CubeIDE/plugins/com.st.stm32cube.ide.mcu.externaltools.gnu-tools-for-stm32.14.3.rel1.win32_1.0.100.202602081740/tools/bin/../lib/gcc/arm-none-eabi/14.3.1/../../../../arm-none-eabi/lib/thumb/v7e-m+fp/hard\libc_nano.a
LOAD C:/ST/STM32CubeIDE_2.1.1/STM32CubeIDE/plugins/com.st.stm32cube.ide.mcu.externaltools.gnu-tools-for-stm32.14.3.rel1.win32_1.0.100.202602081740/tools/bin/../lib/gcc/arm-none-eabi/14.3.1/../../../../arm-none-eabi/lib/thumb/v7e-m+fp/hard\libnosys.a
END GROUP
START GROUP
LOAD C:/ST/STM32CubeIDE_2.1.1/STM32CubeIDE/plugins/com.st.stm32cube.ide.mcu.externaltools.gnu-tools-for-stm32.14.3.rel1.win32_1.0.100.202602081740/tools/bin/../lib/gcc/arm-none-eabi/14.3.1/thumb/v7e-m+fp/hard\libgcc.a
LOAD C:/ST/STM32CubeIDE_2.1.1/STM32CubeIDE/plugins/com.st.stm32cube.ide.mcu.externaltools.gnu-tools-for-stm32.14.3.rel1.win32_1.0.100.202602081740/tools/bin/../lib/gcc/arm-none-eabi/14.3.1/../../../../arm-none-eabi/lib/thumb/v7e-m+fp/hard\libc_nano.a
LOAD C:/ST/STM32CubeIDE_2.1.1/STM32CubeIDE/plugins/com.st.stm32cube.ide.mcu.externaltools.gnu-tools-for-stm32.14.3.rel1.win32_1.0.100.202602081740/tools/bin/../lib/gcc/arm-none-eabi/14.3.1/../../../../arm-none-eabi/lib/thumb/v7e-m+fp/hard\libnosys.a
END GROUP
LOAD C:/ST/STM32CubeIDE_2.1.1/STM32CubeIDE/plugins/com.st.stm32cube.ide.mcu.externaltools.gnu-tools-for-stm32.14.3.rel1.win32_1.0.100.202602081740/tools/bin/../lib/gcc/arm-none-eabi/14.3.1/thumb/v7e-m+fp/hard/crtend.o
LOAD C:/ST/STM32CubeIDE_2.1.1/STM32CubeIDE/plugins/com.st.stm32cube.ide.mcu.externaltools.gnu-tools-for-stm32.14.3.rel1.win32_1.0.100.202602081740/tools/bin/../lib/gcc/arm-none-eabi/14.3.1/thumb/v7e-m+fp/hard/crtn.o
                0x20020000                        _estack = (ORIGIN (RAM) + LENGTH (RAM))
                0x00000200                        _Min_Heap_Size = 0x200
                0x00000400                        _Min_Stack_Size = 0x400

.isr_vector     0x08000000      0x1c4
                0x08000000                        . = ALIGN (0x4)
 *(.isr_vector)
 .isr_vector    0x08000000      0x1c4 ./Core/Startup/startup_stm32f446retx.o
                0x08000000                g_pfnVectors
                0x080001c4                        . = ALIGN (0x4)

.text           0x080001c4     0x78ac
                0x080001c4                        . = ALIGN (0x4)
 *(.text)
 .text          0x080001c4       0x40 C:/ST/STM32CubeIDE_2.1.1/STM32CubeIDE/plugins/com.st.stm32cube.ide.mcu.externaltools.gnu-tools-for-stm32.14.3.rel1.win32_1.0.100.202602081740/tools/bin/../lib/gcc/arm-none-eabi/14.3.1/thumb/v7e-m+fp/hard/crtbegin.o
 .text          0x08000204       0x94 ./ThirdParty/SEGGER/SEGGER/SEGGER_RTT_ASM_ARMv7M.o
                0x08000204                SEGGER_RTT_ASM_WriteSkipNoLock
 .text          0x08000298       0x30 C:/ST/STM32CubeIDE_2.1.1/STM32CubeIDE/plugins/com.st.stm32cube.ide.mcu.externaltools.gnu-tools-for-stm32.14.3.rel1.win32_1.0.100.202602081740/tools/bin/../lib/gcc/arm-none-eabi/14.3.1/thumb/v7e-m+fp/hard\libgcc.a(_aeabi_uldivmod.o)
                0x08000298                __aeabi_uldivmod
 .text          0x080002c8      0x2f8 C:/ST/STM32CubeIDE_2.1.1/STM32CubeIDE/plugins/com.st.stm32cube.ide.mcu.externaltools.gnu-tools-for-stm32.14.3.rel1.win32_1.0.100.202602081740/tools/bin/../lib/gcc/arm-none-eabi/14.3.1/thumb/v7e-m+fp/hard\libgcc.a(_udivmoddi4.o)
                0x080002c8                __udivmoddi4
 .text          0x080005c0        0x4 C:/ST/STM32CubeIDE_2.1.1/STM32CubeIDE/plugins/com.st.stm32cube.ide.mcu.externaltools.gnu-tools-for-stm32.14.3.rel1.win32_1.0.100.202602081740/tools/bin/../lib/gcc/arm-none-eabi/14.3.1/thumb/v7e-m+fp/hard\libgcc.a(_dvmd_tls.o)
                0x080005c0                __aeabi_idiv0
                0x080005c0                __aeabi_ldiv0
 *(.text*)
 .text.main     0x080005c4       0xb4 ./Core/Src/main.o
                0x080005c4                main
 .text.SystemClock_Config
                0x08000678       0xc0 ./Core/Src/main.o
                0x08000678                SystemClock_Config
 .text.MX_GPIO_Init
                0x08000738       0x50 ./Core/Src/main.o
 .text.task1_handler
                0x08000788       0x28 ./Core/Src/main.o
 .text.task2_handler
                0x080007b0       0x28 ./Core/Src/main.o
 .text.vApplicationStackOverflowHook
                0x080007d8       0x22 ./Core/Src/main.o
                0x080007d8                vApplicationStackOverflowHook
 *fill*         0x080007fa        0x2 
 .text.HAL_TIM_PeriodElapsedCallback
                0x080007fc       0x24 ./Core/Src/main.o
                0x080007fc                HAL_TIM_PeriodElapsedCallback
 .text.Error_Handler
                0x08000820        0xc ./Core/Src/main.o
                0x08000820                Error_Handler
 .text.HAL_MspInit
                0x0800082c       0x50 ./Core/Src/stm32f4xx_hal_msp.o
                0x0800082c                HAL_MspInit
 .text.HAL_InitTick
                0x0800087c       0xf8 ./Core/Src/stm32f4xx_hal_timebase_tim.o
                0x0800087c                HAL_InitTick
 .text.NMI_Handler
                0x08000974        0x8 ./Core/Src/stm32f4xx_it.o
                0x08000974                NMI_Handler
 .text.HardFault_Handler
                0x0800097c        0x8 ./Core/Src/stm32f4xx_it.o
                0x0800097c                HardFault_Handler
 .text.MemManage_Handler
                0x08000984        0x8 ./Core/Src/stm32f4xx_it.o
                0x08000984                MemManage_Handler
 .text.BusFault_Handler
                0x0800098c        0x8 ./Core/Src/stm32f4xx_it.o
                0x0800098c                BusFault_Handler
 .text.UsageFault_Handler
                0x08000994        0x8 ./Core/Src/stm32f4xx_it.o
                0x08000994                UsageFault_Handler
 .text.DebugMon_Handler
                0x0800099c        0xe ./Core/Src/stm32f4xx_it.o
                0x0800099c                DebugMon_Handler
 *fill*         0x080009aa        0x2 
 .text.TIM6_DAC_IRQHandler
                0x080009ac       0x14 ./Core/Src/stm32f4xx_it.o
                0x080009ac                TIM6_DAC_IRQHandler
 .text._read    0x080009c0       0x3a ./Core/Src/syscalls.o
                0x080009c0                _read
 .text._close   0x080009fa       0x18 ./Core/Src/syscalls.o
                0x080009fa                _close
 .text._fstat   0x08000a12       0x20 ./Core/Src/syscalls.o
                0x08000a12                _fstat
 .text._isatty  0x08000a32       0x16 ./Core/Src/syscalls.o
                0x08000a32                _isatty
 .text._lseek   0x08000a48       0x1a ./Core/Src/syscalls.o
                0x08000a48                _lseek
 *fill*         0x08000a62        0x2 
 .text.SystemInit
                0x08000a64       0x24 ./Core/Src/system_stm32f4xx.o
                0x08000a64                SystemInit
 .text.Reset_Handler
                0x08000a88       0x50 ./Core/Startup/startup_stm32f446retx.o
                0x08000a88                Reset_Handler
 .text.Default_Handler
                0x08000ad8        0x2 ./Core/Startup/startup_stm32f446retx.o
                0x08000ad8                RTC_Alarm_IRQHandler
                0x08000ad8                EXTI2_IRQHandler
                0x08000ad8                TIM8_CC_IRQHandler
                0x08000ad8                FMPI2C1_EV_IRQHandler
                0x08000ad8                SPI4_IRQHandler
                0x08000ad8                TIM1_CC_IRQHandler
                0x08000ad8                DMA2_Stream5_IRQHandler
                0x08000ad8                DMA1_Stream5_IRQHandler
                0x08000ad8                PVD_IRQHandler
                0x08000ad8                SDIO_IRQHandler
                0x08000ad8                TAMP_STAMP_IRQHandler
                0x08000ad8                CAN2_RX1_IRQHandler
                0x08000ad8                EXTI3_IRQHandler
                0x08000ad8                TIM8_TRG_COM_TIM14_IRQHandler
                0x08000ad8                TIM1_UP_TIM10_IRQHandler
                0x08000ad8                TIM8_UP_TIM13_IRQHandler
                0x08000ad8                I2C3_ER_IRQHandler
                0x08000ad8                EXTI0_IRQHandler
                0x08000ad8                I2C2_EV_IRQHandler
                0x08000ad8                DMA1_Stream2_IRQHandler
                0x08000ad8                CAN1_RX0_IRQHandler
                0x08000ad8                FPU_IRQHandler
                0x08000ad8                OTG_HS_WKUP_IRQHandler
                0x08000ad8                CAN2_SCE_IRQHandler
                0x08000ad8                DMA2_Stream2_IRQHandler
                0x08000ad8                SPI1_IRQHandler
                0x08000ad8                TIM1_BRK_TIM9_IRQHandler
                0x08000ad8                DCMI_IRQHandler
                0x08000ad8                CAN2_RX0_IRQHandler
                0x08000ad8                DMA2_Stream3_IRQHandler
                0x08000ad8                SAI2_IRQHandler
                0x08000ad8                USART6_IRQHandler
                0x08000ad8                USART3_IRQHandler
                0x08000ad8                CAN1_RX1_IRQHandler
                0x08000ad8                UART5_IRQHandler
                0x08000ad8                DMA2_Stream0_IRQHandler
                0x08000ad8                TIM4_IRQHandler
                0x08000ad8                QUADSPI_IRQHandler
                0x08000ad8                I2C1_EV_IRQHandler
                0x08000ad8                DMA1_Stream6_IRQHandler
                0x08000ad8                DMA1_Stream1_IRQHandler
                0x08000ad8                UART4_IRQHandler
                0x08000ad8                TIM3_IRQHandler
                0x08000ad8                RCC_IRQHandler
                0x08000ad8                TIM8_BRK_TIM12_IRQHandler
                0x08000ad8                Default_Handler
                0x08000ad8                CEC_IRQHandler
                0x08000ad8                EXTI15_10_IRQHandler
                0x08000ad8                ADC_IRQHandler
                0x08000ad8                DMA1_Stream7_IRQHandler
                0x08000ad8                TIM7_IRQHandler
                0x08000ad8                CAN2_TX_IRQHandler
                0x08000ad8                TIM5_IRQHandler
                0x08000ad8                DMA2_Stream7_IRQHandler
                0x08000ad8                I2C3_EV_IRQHandler
                0x08000ad8                EXTI9_5_IRQHandler
                0x08000ad8                RTC_WKUP_IRQHandler
                0x08000ad8                SPDIF_RX_IRQHandler
                0x08000ad8                SPI2_IRQHandler
                0x08000ad8                OTG_HS_EP1_IN_IRQHandler
                0x08000ad8                DMA1_Stream0_IRQHandler
                0x08000ad8                CAN1_TX_IRQHandler
                0x08000ad8                FMPI2C1_ER_IRQHandler
                0x08000ad8                EXTI4_IRQHandler
                0x08000ad8                OTG_HS_EP1_OUT_IRQHandler
                0x08000ad8                WWDG_IRQHandler
                0x08000ad8                TIM2_IRQHandler
                0x08000ad8                OTG_FS_WKUP_IRQHandler
                0x08000ad8                TIM1_TRG_COM_TIM11_IRQHandler
                0x08000ad8                OTG_HS_IRQHandler
                0x08000ad8                EXTI1_IRQHandler
                0x08000ad8                USART2_IRQHandler
                0x08000ad8                I2C2_ER_IRQHandler
                0x08000ad8                DMA2_Stream1_IRQHandler
                0x08000ad8                CAN1_SCE_IRQHandler
                0x08000ad8                FLASH_IRQHandler
                0x08000ad8                DMA2_Stream4_IRQHandler
                0x08000ad8                USART1_IRQHandler
                0x08000ad8                OTG_FS_IRQHandler
                0x08000ad8                SPI3_IRQHandler
                0x08000ad8                DMA1_Stream4_IRQHandler
                0x08000ad8                I2C1_ER_IRQHandler
                0x08000ad8                FMC_IRQHandler
                0x08000ad8                DMA2_Stream6_IRQHandler
                0x08000ad8                SAI1_IRQHandler
                0x08000ad8                DMA1_Stream3_IRQHandler
 *fill*         0x08000ada        0x2 
 .text.HAL_Init
                0x08000adc       0x44 ./Drivers/STM32F4xx_HAL_Driver/Src/stm32f4xx_hal.o
                0x08000adc                HAL_Init
 .text.HAL_IncTick
                0x08000b20       0x28 ./Drivers/STM32F4xx_HAL_Driver/Src/stm32f4xx_hal.o
                0x08000b20                HAL_IncTick
 .text.HAL_GetTick
                0x08000b48       0x18 ./Drivers/STM32F4xx_HAL_Driver/Src/stm32f4xx_hal.o
                0x08000b48                HAL_GetTick
 .text.__NVIC_SetPriorityGrouping
                0x08000b60       0x48 ./Drivers/STM32F4xx_HAL_Driver/Src/stm32f4xx_hal_cortex.o
 .text.__NVIC_GetPriorityGrouping
                0x08000ba8       0x1c ./Drivers/STM32F4xx_HAL_Driver/Src/stm32f4xx_hal_cortex.o
 .text.__NVIC_EnableIRQ
                0x08000bc4       0x3c ./Drivers/STM32F4xx_HAL_Driver/Src/stm32f4xx_hal_cortex.o
 .text.__NVIC_SetPriority
                0x08000c00       0x54 ./Drivers/STM32F4xx_HAL_Driver/Src/stm32f4xx_hal_cortex.o
 .text.NVIC_EncodePriority
                0x08000c54       0x66 ./Drivers/STM32F4xx_HAL_Driver/Src/stm32f4xx_hal_cortex.o
 .text.HAL_NVIC_SetPriorityGrouping
                0x08000cba       0x16 ./Drivers/STM32F4xx_HAL_Driver/Src/stm32f4xx_hal_cortex.o
                0x08000cba                HAL_NVIC_SetPriorityGrouping
 .text.HAL_NVIC_SetPriority
                0x08000cd0       0x38 ./Drivers/STM32F4xx_HAL_Driver/Src/stm32f4xx_hal_cortex.o
                0x08000cd0                HAL_NVIC_SetPriority
 .text.HAL_NVIC_EnableIRQ
                0x08000d08       0x1c ./Drivers/STM32F4xx_HAL_Driver/Src/stm32f4xx_hal_cortex.o
                0x08000d08                HAL_NVIC_EnableIRQ
 .text.HAL_RCC_ClockConfig
                0x08000d24      0x1cc ./Drivers/STM32F4xx_HAL_Driver/Src/stm32f4xx_hal_rcc.o
                0x08000d24                HAL_RCC_ClockConfig
 .text.HAL_RCC_GetHCLKFreq
                0x08000ef0       0x18 ./Drivers/STM32F4xx_HAL_Driver/Src/stm32f4xx_hal_rcc.o
                0x08000ef0                HAL_RCC_GetHCLKFreq
 .text.HAL_RCC_GetPCLK1Freq
                0x08000f08       0x28 ./Drivers/STM32F4xx_HAL_Driver/Src/stm32f4xx_hal_rcc.o
                0x08000f08                HAL_RCC_GetPCLK1Freq
 .text.HAL_RCC_GetClockConfig
                0x08000f30       0x64 ./Drivers/STM32F4xx_HAL_Driver/Src/stm32f4xx_hal_rcc.o
                0x08000f30                HAL_RCC_GetClockConfig
 .text.HAL_RCC_GetSysClockFreq
                0x08000f94      0x350 ./Drivers/STM32F4xx_HAL_Driver/Src/stm32f4xx_hal_rcc_ex.o
                0x08000f94                HAL_RCC_GetSysClockFreq
 .text.HAL_RCC_OscConfig
                0x080012e4      0x53c ./Drivers/STM32F4xx_HAL_Driver/Src/stm32f4xx_hal_rcc_ex.o
                0x080012e4                HAL_RCC_OscConfig
 .text.HAL_TIM_Base_Init
                0x08001820       0x9e ./Drivers/STM32F4xx_HAL_Driver/Src/stm32f4xx_hal_tim.o
                0x08001820                HAL_TIM_Base_Init
 .text.HAL_TIM_Base_MspInit
                0x080018be       0x14 ./Drivers/STM32F4xx_HAL_Driver/Src/stm32f4xx_hal_tim.o
                0x080018be                HAL_TIM_Base_MspInit
 *fill*         0x080018d2        0x2 
 .text.HAL_TIM_Base_Start_IT
                0x080018d4       0xe0 ./Drivers/STM32F4xx_HAL_Driver/Src/stm32f4xx_hal_tim.o
                0x080018d4                HAL_TIM_Base_Start_IT
 .text.HAL_TIM_IRQHandler
                0x080019b4      0x1e0 ./Drivers/STM32F4xx_HAL_Driver/Src/stm32f4xx_hal_tim.o
                0x080019b4                HAL_TIM_IRQHandler
 .text.HAL_TIM_OC_DelayElapsedCallback
                0x08001b94       0x14 ./Drivers/STM32F4xx_HAL_Driver/Src/stm32f4xx_hal_tim.o
                0x08001b94                HAL_TIM_OC_DelayElapsedCallback
 .text.HAL_TIM_IC_CaptureCallback
                0x08001ba8       0x14 ./Drivers/STM32F4xx_HAL_Driver/Src/stm32f4xx_hal_tim.o
                0x08001ba8                HAL_TIM_IC_CaptureCallback
 .text.HAL_TIM_PWM_PulseFinishedCallback
                0x08001bbc       0x14 ./Drivers/STM32F4xx_HAL_Driver/Src/stm32f4xx_hal_tim.o
                0x08001bbc                HAL_TIM_PWM_PulseFinishedCallback
 .text.HAL_TIM_TriggerCallback
                0x08001bd0       0x14 ./Drivers/STM32F4xx_HAL_Driver/Src/stm32f4xx_hal_tim.o
                0x08001bd0                HAL_TIM_TriggerCallback
 .text.TIM_Base_SetConfig
                0x08001be4      0x14c ./Drivers/STM32F4xx_HAL_Driver/Src/stm32f4xx_hal_tim.o
                0x08001be4                TIM_Base_SetConfig
 .text.HAL_TIMEx_CommutCallback
                0x08001d30       0x14 ./Drivers/STM32F4xx_HAL_Driver/Src/stm32f4xx_hal_tim_ex.o
                0x08001d30                HAL_TIMEx_CommutCallback
 .text.HAL_TIMEx_BreakCallback
                0x08001d44       0x14 ./Drivers/STM32F4xx_HAL_Driver/Src/stm32f4xx_hal_tim_ex.o
                0x08001d44                HAL_TIMEx_BreakCallback
 .text.vListInitialise
                0x08001d58       0x5e ./ThirdParty/FreeRTOS/list.o
                0x08001d58                vListInitialise
 .text.vListInitialiseItem
                0x08001db6       0x32 ./ThirdParty/FreeRTOS/list.o
                0x08001db6                vListInitialiseItem
 .text.vListInsert
                0x08001de8       0xaa ./ThirdParty/FreeRTOS/list.o
                0x08001de8                vListInsert
 .text.uxListRemove
                0x08001e92       0x72 ./ThirdParty/FreeRTOS/list.o
                0x08001e92                uxListRemove
 .text.xQueueGenericReset
                0x08001f04      0x140 ./ThirdParty/FreeRTOS/queue.o
                0x08001f04                xQueueGenericReset
 .text.xQueueGenericCreateStatic
                0x08002044       0xfc ./ThirdParty/FreeRTOS/queue.o
                0x08002044                xQueueGenericCreateStatic
 .text.prvInitialiseNewQueue
                0x08002140       0x3e ./ThirdParty/FreeRTOS/queue.o
 *fill*         0x0800217e        0x2 
 .text.xQueueReceive
                0x08002180      0x20c ./ThirdParty/FreeRTOS/queue.o
                0x08002180                xQueueReceive
 .text.prvCopyDataFromQueue
                0x0800238c       0x4c ./ThirdParty/FreeRTOS/queue.o
 .text.prvUnlockQueue
                0x080023d8       0xa4 ./ThirdParty/FreeRTOS/queue.o
 .text.prvIsQueueEmpty
                0x0800247c       0x2c ./ThirdParty/FreeRTOS/queue.o
 .text.vQueueWaitForMessageRestricted
                0x080024a8       0x88 ./ThirdParty/FreeRTOS/queue.o
                0x080024a8                vQueueWaitForMessageRestricted
 .text.prvCreateStaticTask
                0x08002530       0xc2 ./ThirdParty/FreeRTOS/tasks.o
 .text.xTaskCreateStatic
                0x080025f2       0xa6 ./ThirdParty/FreeRTOS/tasks.o
                0x080025f2                xTaskCreateStatic
 .text.prvCreateTask
                0x08002698       0x80 ./ThirdParty/FreeRTOS/tasks.o
 .text.xTaskCreate
                0x08002718       0x8c ./ThirdParty/FreeRTOS/tasks.o
                0x08002718                xTaskCreate
 .text.prvInitialiseNewTask
                0x080027a4      0x15c ./ThirdParty/FreeRTOS/tasks.o
 .text.prvAddNewTaskToReadyList
                0x08002900      0x168 ./ThirdParty/FreeRTOS/tasks.o
 .text.prvCreateIdleTasks
                0x08002a68       0xec ./ThirdParty/FreeRTOS/tasks.o
 .text.vTaskStartScheduler
                0x08002b54       0xc8 ./ThirdParty/FreeRTOS/tasks.o
                0x08002b54                vTaskStartScheduler
 .text.vTaskSuspendAll
                0x08002c1c       0x24 ./ThirdParty/FreeRTOS/tasks.o
                0x08002c1c                vTaskSuspendAll
 .text.xTaskResumeAll
                0x08002c40      0x244 ./ThirdParty/FreeRTOS/tasks.o
                0x08002c40                xTaskResumeAll
 .text.xTaskGetTickCount
                0x08002e84       0x3c ./ThirdParty/FreeRTOS/tasks.o
                0x08002e84                xTaskGetTickCount
 .text.xTaskGetTickCountFromISR
                0x08002ec0       0x60 ./ThirdParty/FreeRTOS/tasks.o
                0x08002ec0                xTaskGetTickCountFromISR
 .text.xTaskIncrementTick
                0x08002f20      0x26c ./ThirdParty/FreeRTOS/tasks.o
                0x08002f20                xTaskIncrementTick
 .text.vTaskSwitchContext
                0x0800318c      0x13c ./ThirdParty/FreeRTOS/tasks.o
                0x0800318c                vTaskSwitchContext
 .text.vTaskPlaceOnEventList
                0x080032c8       0x68 ./ThirdParty/FreeRTOS/tasks.o
                0x080032c8                vTaskPlaceOnEventList
 .text.vTaskPlaceOnEventListRestricted
                0x08003330       0xb0 ./ThirdParty/FreeRTOS/tasks.o
                0x08003330                vTaskPlaceOnEventListRestricted
 .text.xTaskRemoveFromEventList
                0x080033e0      0x1d8 ./ThirdParty/FreeRTOS/tasks.o
                0x080033e0                xTaskRemoveFromEventList
 .text.vTaskInternalSetTimeOutState
                0x080035b8       0x44 ./ThirdParty/FreeRTOS/tasks.o
                0x080035b8                vTaskInternalSetTimeOutState
 .text.xTaskCheckForTimeOut
                0x080035fc      0x13c ./ThirdParty/FreeRTOS/tasks.o
                0x080035fc                xTaskCheckForTimeOut
 .text.vTaskMissedYield
                0x08003738       0x20 ./ThirdParty/FreeRTOS/tasks.o
                0x08003738                vTaskMissedYield
 .text.prvIdleTask
                0x08003758       0x30 ./ThirdParty/FreeRTOS/tasks.o
 .text.prvInitialiseTaskLists
                0x08003788       0x80 ./ThirdParty/FreeRTOS/tasks.o
 .text.prvCheckTasksWaitingTermination
                0x08003808       0x5c ./ThirdParty/FreeRTOS/tasks.o
 .text.prvDeleteTCB
                0x08003864       0x60 ./ThirdParty/FreeRTOS/tasks.o
 .text.prvResetNextTaskUnblockTime
                0x080038c4       0x40 ./ThirdParty/FreeRTOS/tasks.o
 .text.xTaskGetSchedulerState
                0x08003904       0x48 ./ThirdParty/FreeRTOS/tasks.o
                0x08003904                xTaskGetSchedulerState
 .text.prvAddCurrentTaskToDelayedList
                0x0800394c      0x12c ./ThirdParty/FreeRTOS/tasks.o
 .text.vApplicationGetIdleTaskMemory
                0x08003a78       0x34 ./ThirdParty/FreeRTOS/tasks.o
                0x08003a78                vApplicationGetIdleTaskMemory
 .text.vApplicationGetTimerTaskMemory
                0x08003aac       0x34 ./ThirdParty/FreeRTOS/tasks.o
                0x08003aac                vApplicationGetTimerTaskMemory
 .text.xTimerCreateTimerTask
                0x08003ae0       0xa8 ./ThirdParty/FreeRTOS/timers.o
                0x08003ae0                xTimerCreateTimerTask
 .text.prvReloadTimer
                0x08003b88       0x6a ./ThirdParty/FreeRTOS/timers.o
 *fill*         0x08003bf2        0x2 
 .text.prvProcessExpiredTimer
                0x08003bf4       0x6c ./ThirdParty/FreeRTOS/timers.o
 .text.prvTimerTask
                0x08003c60       0x2a ./ThirdParty/FreeRTOS/timers.o
 *fill*         0x08003c8a        0x2 
 .text.prvProcessTimerOrBlockTask
                0x08003c8c       0xb8 ./ThirdParty/FreeRTOS/timers.o
 .text.prvGetNextExpireTime
                0x08003d44       0x58 ./ThirdParty/FreeRTOS/timers.o
 .text.prvSampleTimeNow
                0x08003d9c       0x50 ./ThirdParty/FreeRTOS/timers.o
 .text.prvInsertTimerInActiveList
                0x08003dec       0xac ./ThirdParty/FreeRTOS/timers.o
 .text.prvProcessReceivedCommands
                0x08003e98      0x1f4 ./ThirdParty/FreeRTOS/timers.o
 .text.prvSwitchTimerLists
                0x0800408c       0x54 ./ThirdParty/FreeRTOS/timers.o
 .text.prvCheckForValidListAndQueue
                0x080040e0       0x68 ./ThirdParty/FreeRTOS/timers.o
 .text.pxPortInitialiseStack
                0x08004148       0x68 ./ThirdParty/FreeRTOS/portable/GCC/ARM_CM4F/port.o
                0x08004148                pxPortInitialiseStack
 .text.prvTaskExitError
                0x080041b0       0x5c ./ThirdParty/FreeRTOS/portable/GCC/ARM_CM4F/port.o
 .text.SVC_Handler
                0x0800420c       0x24 ./ThirdParty/FreeRTOS/portable/GCC/ARM_CM4F/port.o
                0x0800420c                SVC_Handler
 .text.prvPortStartFirstTask
                0x08004230       0x2c ./ThirdParty/FreeRTOS/portable/GCC/ARM_CM4F/port.o
 .text.xPortStartScheduler
                0x0800425c      0x1e0 ./ThirdParty/FreeRTOS/portable/GCC/ARM_CM4F/port.o
                0x0800425c                xPortStartScheduler
 .text.vPortEnterCritical
                0x0800443c       0x64 ./ThirdParty/FreeRTOS/portable/GCC/ARM_CM4F/port.o
                0x0800443c                vPortEnterCritical
 .text.vPortExitCritical
                0x080044a0       0x54 ./ThirdParty/FreeRTOS/portable/GCC/ARM_CM4F/port.o
                0x080044a0                vPortExitCritical
 .text.PendSV_Handler
                0x080044f4       0x60 ./ThirdParty/FreeRTOS/portable/GCC/ARM_CM4F/port.o
                0x080044f4                PendSV_Handler
 .text.SysTick_Handler
                0x08004554       0x54 ./ThirdParty/FreeRTOS/portable/GCC/ARM_CM4F/port.o
                0x08004554                SysTick_Handler
 .text.vPortSetupTimerInterrupt
                0x080045a8       0x34 ./ThirdParty/FreeRTOS/portable/GCC/ARM_CM4F/port.o
                0x080045a8                vPortSetupTimerInterrupt
 .text.vPortEnableVFP
                0x080045dc       0x18 ./ThirdParty/FreeRTOS/portable/GCC/ARM_CM4F/port.o
 .text.vPortValidateInterruptPriority
                0x080045f4       0x84 ./ThirdParty/FreeRTOS/portable/GCC/ARM_CM4F/port.o
                0x080045f4                vPortValidateInterruptPriority
 .text.pvPortMalloc
                0x08004678      0x270 ./ThirdParty/FreeRTOS/portable/MemMang/heap_4.o
                0x08004678                pvPortMalloc
 .text.vPortFree
                0x080048e8      0x10c ./ThirdParty/FreeRTOS/portable/MemMang/heap_4.o
                0x080048e8                vPortFree
 .text.prvHeapInit
                0x080049f4       0xb4 ./ThirdParty/FreeRTOS/portable/MemMang/heap_4.o
 .text.prvInsertBlockIntoFreeList
                0x08004aa8       0xf4 ./ThirdParty/FreeRTOS/portable/MemMang/heap_4.o
 .text._cbSendSystemDesc
                0x08004b9c       0x1c ./ThirdParty/SEGGER/Config/SEGGER_SYSVIEW_Config_FreeRTOS.o
 .text.SEGGER_SYSVIEW_Conf
                0x08004bb8       0x28 ./ThirdParty/SEGGER/Config/SEGGER_SYSVIEW_Config_FreeRTOS.o
                0x08004bb8                SEGGER_SYSVIEW_Conf
 .text._cbSendTaskList
                0x08004be0       0x90 ./ThirdParty/SEGGER/OS/SEGGER_SYSVIEW_FreeRTOS.o
 .text._cbGetTime
                0x08004c70       0xa4 ./ThirdParty/SEGGER/OS/SEGGER_SYSVIEW_FreeRTOS.o
 .text.SYSVIEW_AddTask
                0x08004d14       0xd0 ./ThirdParty/SEGGER/OS/SEGGER_SYSVIEW_FreeRTOS.o
                0x08004d14                SYSVIEW_AddTask
 .text.SYSVIEW_SendTaskInfo
                0x08004de4       0x42 ./ThirdParty/SEGGER/OS/SEGGER_SYSVIEW_FreeRTOS.o
                0x08004de4                SYSVIEW_SendTaskInfo
 *fill*         0x08004e26        0x2 
 .text._DoInit  0x08004e28       0xb4 ./ThirdParty/SEGGER/SEGGER/SEGGER_RTT.o
 .text._WriteBlocking
                0x08004edc       0xba ./ThirdParty/SEGGER/SEGGER/SEGGER_RTT.o
 .text._WriteNoCheck
                0x08004f96       0x90 ./ThirdParty/SEGGER/SEGGER/SEGGER_RTT.o
 .text._GetAvailWriteSpace
                0x08005026       0x46 ./ThirdParty/SEGGER/SEGGER/SEGGER_RTT.o
 .text.SEGGER_RTT_ReadNoLock
                0x0800506c      0x10c ./ThirdParty/SEGGER/SEGGER/SEGGER_RTT.o
                0x0800506c                SEGGER_RTT_ReadNoLock
 .text.SEGGER_RTT_WriteNoLock
                0x08005178       0xa0 ./ThirdParty/SEGGER/SEGGER/SEGGER_RTT.o
                0x08005178                SEGGER_RTT_WriteNoLock
 .text.SEGGER_RTT_Write
                0x08005218       0x4c ./ThirdParty/SEGGER/SEGGER/SEGGER_RTT.o
                0x08005218                SEGGER_RTT_Write
 .text.SEGGER_RTT_AllocUpBuffer
                0x08005264      0x108 ./ThirdParty/SEGGER/SEGGER/SEGGER_RTT.o
                0x08005264                SEGGER_RTT_AllocUpBuffer
 .text.SEGGER_RTT_ConfigDownBuffer
                0x0800536c       0x98 ./ThirdParty/SEGGER/SEGGER/SEGGER_RTT.o
                0x0800536c                SEGGER_RTT_ConfigDownBuffer
 .text._write_r
                0x08005404       0x22 ./ThirdParty/SEGGER/SEGGER/Syscalls/SEGGER_RTT_Syscalls_GCC.o
                0x08005404                _write_r
 .text._EncodeStr
                0x08005426       0x72 ./ThirdParty/SEGGER/SYSVIEW/SEGGER_SYSVIEW.o
 .text._PreparePacket
                0x08005498       0x18 ./ThirdParty/SEGGER/SYSVIEW/SEGGER_SYSVIEW.o
 .text._HandleIncomingPacket
                0x080054b0       0xdc ./ThirdParty/SEGGER/SYSVIEW/SEGGER_SYSVIEW.o
 .text._CheckDownBuffer
                0x0800558c       0x68 ./ThirdParty/SEGGER/SYSVIEW/SEGGER_SYSVIEW.o
 .text._TrySendOverflowPacket
                0x080055f4       0xde ./ThirdParty/SEGGER/SYSVIEW/SEGGER_SYSVIEW.o
 *fill*         0x080056d2        0x2 
 .text._SendPacket
                0x080056d4      0x1e8 ./ThirdParty/SEGGER/SYSVIEW/SEGGER_SYSVIEW.o
 .text._SendPacket_Ex
                0x080058bc       0xe8 ./ThirdParty/SEGGER/SYSVIEW/SEGGER_SYSVIEW.o
 .text._SendStartEvent
                0x080059a4       0x48 ./ThirdParty/SEGGER/SYSVIEW/SEGGER_SYSVIEW.o
                0x080059a4                _SendStartEvent
 .text._SendInitEvent
                0x080059ec      0x172 ./ThirdParty/SEGGER/SYSVIEW/SEGGER_SYSVIEW.o
                0x080059ec                _SendInitEvent
 *fill*         0x08005b5e        0x2 
 .text._RecordSystime
                0x08005b60      0x170 ./ThirdParty/SEGGER/SYSVIEW/SEGGER_SYSVIEW.o
                0x08005b60                _RecordSystime
 .text.SEGGER_SYSVIEW_Init
                0x08005cd0       0x2a ./ThirdParty/SEGGER/SYSVIEW/SEGGER_SYSVIEW.o
                0x08005cd0                SEGGER_SYSVIEW_Init
 *fill*         0x08005cfa        0x2 
 .text.SEGGER_SYSVIEW_Init_Ex
                0x08005cfc       0x90 ./ThirdParty/SEGGER/SYSVIEW/SEGGER_SYSVIEW.o
                0x08005cfc                SEGGER_SYSVIEW_Init_Ex
 .text.SEGGER_SYSVIEW_SetRAMBase
                0x08005d8c       0x20 ./ThirdParty/SEGGER/SYSVIEW/SEGGER_SYSVIEW.o
                0x08005d8c                SEGGER_SYSVIEW_SetRAMBase
 .text.SEGGER_SYSVIEW_RecordVoid
                0x08005dac       0x3c ./ThirdParty/SEGGER/SYSVIEW/SEGGER_SYSVIEW.o
                0x08005dac                SEGGER_SYSVIEW_RecordVoid
 .text.SEGGER_SYSVIEW_RecordU32
                0x08005de8       0x78 ./ThirdParty/SEGGER/SYSVIEW/SEGGER_SYSVIEW.o
                0x08005de8                SEGGER_SYSVIEW_RecordU32
 .text.SEGGER_SYSVIEW_RecordU32x2
                0x08005e60       0xb4 ./ThirdParty/SEGGER/SYSVIEW/SEGGER_SYSVIEW.o
                0x08005e60                SEGGER_SYSVIEW_RecordU32x2
 .text.SEGGER_SYSVIEW_RecordU32x3
                0x08005f14       0xec ./ThirdParty/SEGGER/SYSVIEW/SEGGER_SYSVIEW.o
                0x08005f14                SEGGER_SYSVIEW_RecordU32x3
 .text.SEGGER_SYSVIEW_RecordU32x5
                0x08006000      0x15c ./ThirdParty/SEGGER/SYSVIEW/SEGGER_SYSVIEW.o
                0x08006000                SEGGER_SYSVIEW_RecordU32x5
 .text.SEGGER_SYSVIEW_RecordU32x6
                0x0800615c      0x194 ./ThirdParty/SEGGER/SYSVIEW/SEGGER_SYSVIEW.o
                0x0800615c                SEGGER_SYSVIEW_RecordU32x6
 .text.SEGGER_SYSVIEW_RecordU32x7
                0x080062f0      0x1cc ./ThirdParty/SEGGER/SYSVIEW/SEGGER_SYSVIEW.o
                0x080062f0                SEGGER_SYSVIEW_RecordU32x7
 .text.SEGGER_SYSVIEW_Start
                0x080064bc       0x40 ./ThirdParty/SEGGER/SYSVIEW/SEGGER_SYSVIEW.o
                0x080064bc                SEGGER_SYSVIEW_Start
 .text.SEGGER_SYSVIEW_Start_Ex
                0x080064fc       0x60 ./ThirdParty/SEGGER/SYSVIEW/SEGGER_SYSVIEW.o
                0x080064fc                SEGGER_SYSVIEW_Start_Ex
 .text.SEGGER_SYSVIEW_Stop
                0x0800655c       0x20 ./ThirdParty/SEGGER/SYSVIEW/SEGGER_SYSVIEW.o
                0x0800655c                SEGGER_SYSVIEW_Stop
 .text.SEGGER_SYSVIEW_Stop_Ex
                0x0800657c       0x54 ./ThirdParty/SEGGER/SYSVIEW/SEGGER_SYSVIEW.o
                0x0800657c                SEGGER_SYSVIEW_Stop_Ex
 .text.SEGGER_SYSVIEW_GetSysDesc
                0x080065d0      0x134 ./ThirdParty/SEGGER/SYSVIEW/SEGGER_SYSVIEW.o
                0x080065d0                SEGGER_SYSVIEW_GetSysDesc
 .text.SEGGER_SYSVIEW_SendTaskInfo
                0x08006704      0x1c8 ./ThirdParty/SEGGER/SYSVIEW/SEGGER_SYSVIEW.o
                0x08006704                SEGGER_SYSVIEW_SendTaskInfo
 .text.SEGGER_SYSVIEW_SendTaskList
                0x080068cc       0x28 ./ThirdParty/SEGGER/SYSVIEW/SEGGER_SYSVIEW.o
                0x080068cc                SEGGER_SYSVIEW_SendTaskList
 .text.SEGGER_SYSVIEW_SendSysDesc
                0x080068f4       0x48 ./ThirdParty/SEGGER/SYSVIEW/SEGGER_SYSVIEW.o
                0x080068f4                SEGGER_SYSVIEW_SendSysDesc
 .text.SEGGER_SYSVIEW_RecordSystime
                0x0800693c       0x64 ./ThirdParty/SEGGER/SYSVIEW/SEGGER_SYSVIEW.o
                0x0800693c                SEGGER_SYSVIEW_RecordSystime
 .text.SEGGER_SYSVIEW_RecordEnterISR
                0x080069a0       0x84 ./ThirdParty/SEGGER/SYSVIEW/SEGGER_SYSVIEW.o
                0x080069a0                SEGGER_SYSVIEW_RecordEnterISR
 .text.SEGGER_SYSVIEW_RecordExitISR
                0x08006a24       0x38 ./ThirdParty/SEGGER/SYSVIEW/SEGGER_SYSVIEW.o
                0x08006a24                SEGGER_SYSVIEW_RecordExitISR
 .text.SEGGER_SYSVIEW_RecordExitISRToScheduler
                0x08006a5c       0x38 ./ThirdParty/SEGGER/SYSVIEW/SEGGER_SYSVIEW.o
                0x08006a5c                SEGGER_SYSVIEW_RecordExitISRToScheduler
 .text.SEGGER_SYSVIEW_RecordEndCall
                0x08006a94       0x78 ./ThirdParty/SEGGER/SYSVIEW/SEGGER_SYSVIEW.o
                0x08006a94                SEGGER_SYSVIEW_RecordEndCall
 .text.SEGGER_SYSVIEW_RecordEndCallU32
                0x08006b0c       0xb0 ./ThirdParty/SEGGER/SYSVIEW/SEGGER_SYSVIEW.o
                0x08006b0c                SEGGER_SYSVIEW_RecordEndCallU32
 .text.SEGGER_SYSVIEW_OnIdle
                0x08006bbc       0x38 ./ThirdParty/SEGGER/SYSVIEW/SEGGER_SYSVIEW.o
                0x08006bbc                SEGGER_SYSVIEW_OnIdle
 .text.SEGGER_SYSVIEW_OnTaskCreate
                0x08006bf4       0x84 ./ThirdParty/SEGGER/SYSVIEW/SEGGER_SYSVIEW.o
                0x08006bf4                SEGGER_SYSVIEW_OnTaskCreate
 .text.SEGGER_SYSVIEW_OnTaskStartExec
                0x08006c78       0x84 ./ThirdParty/SEGGER/SYSVIEW/SEGGER_SYSVIEW.o
                0x08006c78                SEGGER_SYSVIEW_OnTaskStartExec
 .text.SEGGER_SYSVIEW_OnTaskStartReady
                0x08006cfc       0x84 ./ThirdParty/SEGGER/SYSVIEW/SEGGER_SYSVIEW.o
                0x08006cfc                SEGGER_SYSVIEW_OnTaskStartReady
 .text.SEGGER_SYSVIEW_OnTaskStopReady
                0x08006d80       0xc0 ./ThirdParty/SEGGER/SYSVIEW/SEGGER_SYSVIEW.o
                0x08006d80                SEGGER_SYSVIEW_OnTaskStopReady
 .text.SEGGER_SYSVIEW_ShrinkId
                0x08006e40       0x20 ./ThirdParty/SEGGER/SYSVIEW/SEGGER_SYSVIEW.o
                0x08006e40                SEGGER_SYSVIEW_ShrinkId
 .text.SEGGER_SYSVIEW_SendModule
                0x08006e60      0x114 ./ThirdParty/SEGGER/SYSVIEW/SEGGER_SYSVIEW.o
                0x08006e60                SEGGER_SYSVIEW_SendModule
 .text.SEGGER_SYSVIEW_SendModuleDescription
                0x08006f74       0x3c ./ThirdParty/SEGGER/SYSVIEW/SEGGER_SYSVIEW.o
                0x08006f74                SEGGER_SYSVIEW_SendModuleDescription
 .text.SEGGER_SYSVIEW_SendNumModules
                0x08006fb0       0x7c ./ThirdParty/SEGGER/SYSVIEW/SEGGER_SYSVIEW.o
                0x08006fb0                SEGGER_SYSVIEW_SendNumModules
 .text.SEGGER_SYSVIEW_Warn
                0x0800702c       0xb8 ./ThirdParty/SEGGER/SYSVIEW/SEGGER_SYSVIEW.o
                0x0800702c                SEGGER_SYSVIEW_Warn
 .text.std      0x080070e4       0x6c C:/ST/STM32CubeIDE_2.1.1/STM32CubeIDE/plugins/com.st.stm32cube.ide.mcu.externaltools.gnu-tools-for-stm32.14.3.rel1.win32_1.0.100.202602081740/tools/bin/../lib/gcc/arm-none-eabi/14.3.1/../../../../arm-none-eabi/lib/thumb/v7e-m+fp/hard\libc_nano.a(libc_a-findfp.o)
 .text.stdio_exit_handler
                0x08007150       0x18 C:/ST/STM32CubeIDE_2.1.1/STM32CubeIDE/plugins/com.st.stm32cube.ide.mcu.externaltools.gnu-tools-for-stm32.14.3.rel1.win32_1.0.100.202602081740/tools/bin/../lib/gcc/arm-none-eabi/14.3.1/../../../../arm-none-eabi/lib/thumb/v7e-m+fp/hard\libc_nano.a(libc_a-findfp.o)
 .text.cleanup_stdio
                0x08007168       0x40 C:/ST/STM32CubeIDE_2.1.1/STM32CubeIDE/plugins/com.st.stm32cube.ide.mcu.externaltools.gnu-tools-for-stm32.14.3.rel1.win32_1.0.100.202602081740/tools/bin/../lib/gcc/arm-none-eabi/14.3.1/../../../../arm-none-eabi/lib/thumb/v7e-m+fp/hard\libc_nano.a(libc_a-findfp.o)
 .text.global_stdio_init.part.0
                0x080071a8       0x40 C:/ST/STM32CubeIDE_2.1.1/STM32CubeIDE/plugins/com.st.stm32cube.ide.mcu.externaltools.gnu-tools-for-stm32.14.3.rel1.win32_1.0.100.202602081740/tools/bin/../lib/gcc/arm-none-eabi/14.3.1/../../../../arm-none-eabi/lib/thumb/v7e-m+fp/hard\libc_nano.a(libc_a-findfp.o)
 .text.__sfp_lock_acquire
                0x080071e8        0xc C:/ST/STM32CubeIDE_2.1.1/STM32CubeIDE/plugins/com.st.stm32cube.ide.mcu.externaltools.gnu-tools-for-stm32.14.3.rel1.win32_1.0.100.202602081740/tools/bin/../lib/gcc/arm-none-eabi/14.3.1/../../../../arm-none-eabi/lib/thumb/v7e-m+fp/hard\libc_nano.a(libc_a-findfp.o)
                0x080071e8                __sfp_lock_acquire
 .text.__sfp_lock_release
                0x080071f4        0xc C:/ST/STM32CubeIDE_2.1.1/STM32CubeIDE/plugins/com.st.stm32cube.ide.mcu.externaltools.gnu-tools-for-stm32.14.3.rel1.win32_1.0.100.202602081740/tools/bin/../lib/gcc/arm-none-eabi/14.3.1/../../../../arm-none-eabi/lib/thumb/v7e-m+fp/hard\libc_nano.a(libc_a-findfp.o)
                0x080071f4                __sfp_lock_release
 .text.__sinit  0x08007200       0x30 C:/ST/STM32CubeIDE_2.1.1/STM32CubeIDE/plugins/com.st.stm32cube.ide.mcu.externaltools.gnu-tools-for-stm32.14.3.rel1.win32_1.0.100.202602081740/tools/bin/../lib/gcc/arm-none-eabi/14.3.1/../../../../arm-none-eabi/lib/thumb/v7e-m+fp/hard\libc_nano.a(libc_a-findfp.o)
                0x08007200                __sinit
 .text._fwalk_sglue
                0x08007230       0x3c C:/ST/STM32CubeIDE_2.1.1/STM32CubeIDE/plugins/com.st.stm32cube.ide.mcu.externaltools.gnu-tools-for-stm32.14.3.rel1.win32_1.0.100.202602081740/tools/bin/../lib/gcc/arm-none-eabi/14.3.1/../../../../arm-none-eabi/lib/thumb/v7e-m+fp/hard\libc_nano.a(libc_a-fwalk.o)
                0x08007230                _fwalk_sglue
 .text._puts_r  0x0800726c       0xaa C:/ST/STM32CubeIDE_2.1.1/STM32CubeIDE/plugins/com.st.stm32cube.ide.mcu.externaltools.gnu-tools-for-stm32.14.3.rel1.win32_1.0.100.202602081740/tools/bin/../lib/gcc/arm-none-eabi/14.3.1/../../../../arm-none-eabi/lib/thumb/v7e-m+fp/hard\libc_nano.a(libc_a-puts.o)
                0x0800726c                _puts_r
 *fill*         0x08007316        0x2 
 .text.puts     0x08007318       0x10 C:/ST/STM32CubeIDE_2.1.1/STM32CubeIDE/plugins/com.st.stm32cube.ide.mcu.externaltools.gnu-tools-for-stm32.14.3.rel1.win32_1.0.100.202602081740/tools/bin/../lib/gcc/arm-none-eabi/14.3.1/../../../../arm-none-eabi/lib/thumb/v7e-m+fp/hard\libc_nano.a(libc_a-puts.o)
                0x08007318                puts
 .text.__sread  0x08007328       0x22 C:/ST/STM32CubeIDE_2.1.1/STM32CubeIDE/plugins/com.st.stm32cube.ide.mcu.externaltools.gnu-tools-for-stm32.14.3.rel1.win32_1.0.100.202602081740/tools/bin/../lib/gcc/arm-none-eabi/14.3.1/../../../../arm-none-eabi/lib/thumb/v7e-m+fp/hard\libc_nano.a(libc_a-stdio.o)
                0x08007328                __sread
 .text.__swrite
                0x0800734a       0x38 C:/ST/STM32CubeIDE_2.1.1/STM32CubeIDE/plugins/com.st.stm32cube.ide.mcu.externaltools.gnu-tools-for-stm32.14.3.rel1.win32_1.0.100.202602081740/tools/bin/../lib/gcc/arm-none-eabi/14.3.1/../../../../arm-none-eabi/lib/thumb/v7e-m+fp/hard\libc_nano.a(libc_a-stdio.o)
                0x0800734a                __swrite
 .text.__sseek  0x08007382       0x26 C:/ST/STM32CubeIDE_2.1.1/STM32CubeIDE/plugins/com.st.stm32cube.ide.mcu.externaltools.gnu-tools-for-stm32.14.3.rel1.win32_1.0.100.202602081740/tools/bin/../lib/gcc/arm-none-eabi/14.3.1/../../../../arm-none-eabi/lib/thumb/v7e-m+fp/hard\libc_nano.a(libc_a-stdio.o)
                0x08007382                __sseek
 .text.__sclose
                0x080073a8        0x8 C:/ST/STM32CubeIDE_2.1.1/STM32CubeIDE/plugins/com.st.stm32cube.ide.mcu.externaltools.gnu-tools-for-stm32.14.3.rel1.win32_1.0.100.202602081740/tools/bin/../lib/gcc/arm-none-eabi/14.3.1/../../../../arm-none-eabi/lib/thumb/v7e-m+fp/hard\libc_nano.a(libc_a-stdio.o)
                0x080073a8                __sclose
 .text.__swbuf_r
                0x080073b0       0x7c C:/ST/STM32CubeIDE_2.1.1/STM32CubeIDE/plugins/com.st.stm32cube.ide.mcu.externaltools.gnu-tools-for-stm32.14.3.rel1.win32_1.0.100.202602081740/tools/bin/../lib/gcc/arm-none-eabi/14.3.1/../../../../arm-none-eabi/lib/thumb/v7e-m+fp/hard\libc_nano.a(libc_a-wbuf.o)
                0x080073b0                __swbuf_r
 .text.__swsetup_r
                0x0800742c       0xa8 C:/ST/STM32CubeIDE_2.1.1/STM32CubeIDE/plugins/com.st.stm32cube.ide.mcu.externaltools.gnu-tools-for-stm32.14.3.rel1.win32_1.0.100.202602081740/tools/bin/../lib/gcc/arm-none-eabi/14.3.1/../../../../arm-none-eabi/lib/thumb/v7e-m+fp/hard\libc_nano.a(libc_a-wsetup.o)
                0x0800742c                __swsetup_r
 .text.memcmp   0x080074d4       0x20 C:/ST/STM32CubeIDE_2.1.1/STM32CubeIDE/plugins/com.st.stm32cube.ide.mcu.externaltools.gnu-tools-for-stm32.14.3.rel1.win32_1.0.100.202602081740/tools/bin/../lib/gcc/arm-none-eabi/14.3.1/../../../../arm-none-eabi/lib/thumb/v7e-m+fp/hard\libc_nano.a(libc_a-memcmp.o)
                0x080074d4                memcmp
 .text.memset   0x080074f4       0x10 C:/ST/STM32CubeIDE_2.1.1/STM32CubeIDE/plugins/com.st.stm32cube.ide.mcu.externaltools.gnu-tools-for-stm32.14.3.rel1.win32_1.0.100.202602081740/tools/bin/../lib/gcc/arm-none-eabi/14.3.1/../../../../arm-none-eabi/lib/thumb/v7e-m+fp/hard\libc_nano.a(libc_a-memset.o)
                0x080074f4                memset
 .text._close_r
                0x08007504       0x20 C:/ST/STM32CubeIDE_2.1.1/STM32CubeIDE/plugins/com.st.stm32cube.ide.mcu.externaltools.gnu-tools-for-stm32.14.3.rel1.win32_1.0.100.202602081740/tools/bin/../lib/gcc/arm-none-eabi/14.3.1/../../../../arm-none-eabi/lib/thumb/v7e-m+fp/hard\libc_nano.a(libc_a-closer.o)
                0x08007504                _close_r
 .text._lseek_r
                0x08007524       0x24 C:/ST/STM32CubeIDE_2.1.1/STM32CubeIDE/plugins/com.st.stm32cube.ide.mcu.externaltools.gnu-tools-for-stm32.14.3.rel1.win32_1.0.100.202602081740/tools/bin/../lib/gcc/arm-none-eabi/14.3.1/../../../../arm-none-eabi/lib/thumb/v7e-m+fp/hard\libc_nano.a(libc_a-lseekr.o)
                0x08007524                _lseek_r
 .text._read_r  0x08007548       0x24 C:/ST/STM32CubeIDE_2.1.1/STM32CubeIDE/plugins/com.st.stm32cube.ide.mcu.externaltools.gnu-tools-for-stm32.14.3.rel1.win32_1.0.100.202602081740/tools/bin/../lib/gcc/arm-none-eabi/14.3.1/../../../../arm-none-eabi/lib/thumb/v7e-m+fp/hard\libc_nano.a(libc_a-readr.o)
                0x08007548                _read_r
 .text.__libc_init_array
                0x0800756c       0x48 C:/ST/STM32CubeIDE_2.1.1/STM32CubeIDE/plugins/com.st.stm32cube.ide.mcu.externaltools.gnu-tools-for-stm32.14.3.rel1.win32_1.0.100.202602081740/tools/bin/../lib/gcc/arm-none-eabi/14.3.1/../../../../arm-none-eabi/lib/thumb/v7e-m+fp/hard\libc_nano.a(libc_a-init.o)
                0x0800756c                __libc_init_array
 .text.__retarget_lock_init_recursive
                0x080075b4        0x2 C:/ST/STM32CubeIDE_2.1.1/STM32CubeIDE/plugins/com.st.stm32cube.ide.mcu.externaltools.gnu-tools-for-stm32.14.3.rel1.win32_1.0.100.202602081740/tools/bin/../lib/gcc/arm-none-eabi/14.3.1/../../../../arm-none-eabi/lib/thumb/v7e-m+fp/hard\libc_nano.a(libc_a-lock.o)
                0x080075b4                __retarget_lock_init_recursive
 .text.__retarget_lock_acquire_recursive
                0x080075b6        0x2 C:/ST/STM32CubeIDE_2.1.1/STM32CubeIDE/plugins/com.st.stm32cube.ide.mcu.externaltools.gnu-tools-for-stm32.14.3.rel1.win32_1.0.100.202602081740/tools/bin/../lib/gcc/arm-none-eabi/14.3.1/../../../../arm-none-eabi/lib/thumb/v7e-m+fp/hard\libc_nano.a(libc_a-lock.o)
                0x080075b6                __retarget_lock_acquire_recursive
 .text.__retarget_lock_release_recursive
                0x080075b8        0x2 C:/ST/STM32CubeIDE_2.1.1/STM32CubeIDE/plugins/com.st.stm32cube.ide.mcu.externaltools.gnu-tools-for-stm32.14.3.rel1.win32_1.0.100.202602081740/tools/bin/../lib/gcc/arm-none-eabi/14.3.1/../../../../arm-none-eabi/lib/thumb/v7e-m+fp/hard\libc_nano.a(libc_a-lock.o)
                0x080075b8                __retarget_lock_release_recursive
 .text.memcpy   0x080075ba       0x1c C:/ST/STM32CubeIDE_2.1.1/STM32CubeIDE/plugins/com.st.stm32cube.ide.mcu.externaltools.gnu-tools-for-stm32.14.3.rel1.win32_1.0.100.202602081740/tools/bin/../lib/gcc/arm-none-eabi/14.3.1/../../../../arm-none-eabi/lib/thumb/v7e-m+fp/hard\libc_nano.a(libc_a-memcpy-stub.o)
                0x080075ba                memcpy
 *fill*         0x080075d6        0x2 
 .text._free_r  0x080075d8       0x94 C:/ST/STM32CubeIDE_2.1.1/STM32CubeIDE/plugins/com.st.stm32cube.ide.mcu.externaltools.gnu-tools-for-stm32.14.3.rel1.win32_1.0.100.202602081740/tools/bin/../lib/gcc/arm-none-eabi/14.3.1/../../../../arm-none-eabi/lib/thumb/v7e-m+fp/hard\libc_nano.a(libc_a-freer.o)
                0x080075d8                _free_r
 .text.sbrk_aligned
                0x0800766c       0x44 C:/ST/STM32CubeIDE_2.1.1/STM32CubeIDE/plugins/com.st.stm32cube.ide.mcu.externaltools.gnu-tools-for-stm32.14.3.rel1.win32_1.0.100.202602081740/tools/bin/../lib/gcc/arm-none-eabi/14.3.1/../../../../arm-none-eabi/lib/thumb/v7e-m+fp/hard\libc_nano.a(libc_a-mallocr.o)
 .text._malloc_r
                0x080076b0      0x100 C:/ST/STM32CubeIDE_2.1.1/STM32CubeIDE/plugins/com.st.stm32cube.ide.mcu.externaltools.gnu-tools-for-stm32.14.3.rel1.win32_1.0.100.202602081740/tools/bin/../lib/gcc/arm-none-eabi/14.3.1/../../../../arm-none-eabi/lib/thumb/v7e-m+fp/hard\libc_nano.a(libc_a-mallocr.o)
                0x080076b0                _malloc_r
 .text.__malloc_lock
                0x080077b0        0xc C:/ST/STM32CubeIDE_2.1.1/STM32CubeIDE/plugins/com.st.stm32cube.ide.mcu.externaltools.gnu-tools-for-stm32.14.3.rel1.win32_1.0.100.202602081740/tools/bin/../lib/gcc/arm-none-eabi/14.3.1/../../../../arm-none-eabi/lib/thumb/v7e-m+fp/hard\libc_nano.a(libc_a-mlock.o)
                0x080077b0                __malloc_lock
 .text.__malloc_unlock
                0x080077bc        0xc C:/ST/STM32CubeIDE_2.1.1/STM32CubeIDE/plugins/com.st.stm32cube.ide.mcu.externaltools.gnu-tools-for-stm32.14.3.rel1.win32_1.0.100.202602081740/tools/bin/../lib/gcc/arm-none-eabi/14.3.1/../../../../arm-none-eabi/lib/thumb/v7e-m+fp/hard\libc_nano.a(libc_a-mlock.o)
                0x080077bc                __malloc_unlock
 .text.__sflush_r
                0x080077c8      0x104 C:/ST/STM32CubeIDE_2.1.1/STM32CubeIDE/plugins/com.st.stm32cube.ide.mcu.externaltools.gnu-tools-for-stm32.14.3.rel1.win32_1.0.100.202602081740/tools/bin/../lib/gcc/arm-none-eabi/14.3.1/../../../../arm-none-eabi/lib/thumb/v7e-m+fp/hard\libc_nano.a(libc_a-fflush.o)
                0x080077c8                __sflush_r
 .text._fflush_r
                0x080078cc       0x50 C:/ST/STM32CubeIDE_2.1.1/STM32CubeIDE/plugins/com.st.stm32cube.ide.mcu.externaltools.gnu-tools-for-stm32.14.3.rel1.win32_1.0.100.202602081740/tools/bin/../lib/gcc/arm-none-eabi/14.3.1/../../../../arm-none-eabi/lib/thumb/v7e-m+fp/hard\libc_nano.a(libc_a-fflush.o)
                0x080078cc                _fflush_r
 .text.__swhatbuf_r
                0x0800791c       0x48 C:/ST/STM32CubeIDE_2.1.1/STM32CubeIDE/plugins/com.st.stm32cube.ide.mcu.externaltools.gnu-tools-for-stm32.14.3.rel1.win32_1.0.100.202602081740/tools/bin/../lib/gcc/arm-none-eabi/14.3.1/../../../../arm-none-eabi/lib/thumb/v7e-m+fp/hard\libc_nano.a(libc_a-makebuf.o)
                0x0800791c                __swhatbuf_r
 .text.__smakebuf_r
                0x08007964       0x72 C:/ST/STM32CubeIDE_2.1.1/STM32CubeIDE/plugins/com.st.stm32cube.ide.mcu.externaltools.gnu-tools-for-stm32.14.3.rel1.win32_1.0.100.202602081740/tools/bin/../lib/gcc/arm-none-eabi/14.3.1/../../../../arm-none-eabi/lib/thumb/v7e-m+fp/hard\libc_nano.a(libc_a-makebuf.o)
                0x08007964                __smakebuf_r
 *fill*         0x080079d6        0x2 
 .text._fstat_r
                0x080079d8       0x24 C:/ST/STM32CubeIDE_2.1.1/STM32CubeIDE/plugins/com.st.stm32cube.ide.mcu.externaltools.gnu-tools-for-stm32.14.3.rel1.win32_1.0.100.202602081740/tools/bin/../lib/gcc/arm-none-eabi/14.3.1/../../../../arm-none-eabi/lib/thumb/v7e-m+fp/hard\libc_nano.a(libc_a-fstatr.o)
                0x080079d8                _fstat_r
 .text._isatty_r
                0x080079fc       0x20 C:/ST/STM32CubeIDE_2.1.1/STM32CubeIDE/plugins/com.st.stm32cube.ide.mcu.externaltools.gnu-tools-for-stm32.14.3.rel1.win32_1.0.100.202602081740/tools/bin/../lib/gcc/arm-none-eabi/14.3.1/../../../../arm-none-eabi/lib/thumb/v7e-m+fp/hard\libc_nano.a(libc_a-isattyr.o)
                0x080079fc                _isatty_r
 .text._sbrk_r  0x08007a1c       0x20 C:/ST/STM32CubeIDE_2.1.1/STM32CubeIDE/plugins/com.st.stm32cube.ide.mcu.externaltools.gnu-tools-for-stm32.14.3.rel1.win32_1.0.100.202602081740/tools/bin/../lib/gcc/arm-none-eabi/14.3.1/../../../../arm-none-eabi/lib/thumb/v7e-m+fp/hard\libc_nano.a(libc_a-sbrkr.o)
                0x08007a1c                _sbrk_r
 .text._sbrk    0x08007a3c       0x1c C:/ST/STM32CubeIDE_2.1.1/STM32CubeIDE/plugins/com.st.stm32cube.ide.mcu.externaltools.gnu-tools-for-stm32.14.3.rel1.win32_1.0.100.202602081740/tools/bin/../lib/gcc/arm-none-eabi/14.3.1/../../../../arm-none-eabi/lib/thumb/v7e-m+fp/hard\libnosys.a(sbrk.o)
                0x08007a3c                _sbrk
 *(.glue_7)
 .glue_7        0x08007a58        0x0 linker stubs
 *(.glue_7t)
 .glue_7t       0x08007a58        0x0 linker stubs
 *(.eh_frame)
 .eh_frame      0x08007a58        0x0 C:/ST/STM32CubeIDE_2.1.1/STM32CubeIDE/plugins/com.st.stm32cube.ide.mcu.externaltools.gnu-tools-for-stm32.14.3.rel1.win32_1.0.100.202602081740/tools/bin/../lib/gcc/arm-none-eabi/14.3.1/thumb/v7e-m+fp/hard/crtbegin.o
 *(.init)
 .init          0x08007a58        0x4 C:/ST/STM32CubeIDE_2.1.1/STM32CubeIDE/plugins/com.st.stm32cube.ide.mcu.externaltools.gnu-tools-for-stm32.14.3.rel1.win32_1.0.100.202602081740/tools/bin/../lib/gcc/arm-none-eabi/14.3.1/thumb/v7e-m+fp/hard/crti.o
                0x08007a58                _init
 .init          0x08007a5c        0x8 C:/ST/STM32CubeIDE_2.1.1/STM32CubeIDE/plugins/com.st.stm32cube.ide.mcu.externaltools.gnu-tools-for-stm32.14.3.rel1.win32_1.0.100.202602081740/tools/bin/../lib/gcc/arm-none-eabi/14.3.1/thumb/v7e-m+fp/hard/crtn.o
 *(.fini)
 .fini          0x08007a64        0x4 C:/ST/STM32CubeIDE_2.1.1/STM32CubeIDE/plugins/com.st.stm32cube.ide.mcu.externaltools.gnu-tools-for-stm32.14.3.rel1.win32_1.0.100.202602081740/tools/bin/../lib/gcc/arm-none-eabi/14.3.1/thumb/v7e-m+fp/hard/crti.o
                0x08007a64                _fini
 .fini          0x08007a68        0x8 C:/ST/STM32CubeIDE_2.1.1/STM32CubeIDE/plugins/com.st.stm32cube.ide.mcu.externaltools.gnu-tools-for-stm32.14.3.rel1.win32_1.0.100.202602081740/tools/bin/../lib/gcc/arm-none-eabi/14.3.1/thumb/v7e-m+fp/hard/crtn.o
                0x08007a70                        . = ALIGN (0x4)
                0x08007a70                        _etext = .

.vfp11_veneer   0x08007a70        0x0
 .vfp11_veneer  0x08007a70        0x0 linker stubs

.v4_bx          0x08007a70        0x0
 .v4_bx         0x08007a70        0x0 linker stubs

.iplt           0x08007a70        0x0
 .iplt          0x08007a70        0x0 C:/ST/STM32CubeIDE_2.1.1/STM32CubeIDE/plugins/com.st.stm32cube.ide.mcu.externaltools.gnu-tools-for-stm32.14.3.rel1.win32_1.0.100.202602081740/tools/bin/../lib/gcc/arm-none-eabi/14.3.1/thumb/v7e-m+fp/hard/crtbegin.o

.rodata         0x08007a70      0x154
                0x08007a70                        . = ALIGN (0x4)
 *(.rodata)
 .rodata        0x08007a70       0x3f ./Core/Src/main.o
 *fill*         0x08007aaf        0x1 
 .rodata        0x08007ab0        0x5 ./ThirdParty/FreeRTOS/tasks.o
 *fill*         0x08007ab5        0x3 
 .rodata        0x08007ab8        0x8 ./ThirdParty/FreeRTOS/timers.o
 .rodata        0x08007ac0       0x49 ./ThirdParty/SEGGER/Config/SEGGER_SYSVIEW_Config_FreeRTOS.o
 *fill*         0x08007b09        0x3 
 .rodata        0x08007b0c       0x58 ./ThirdParty/SEGGER/OS/SEGGER_SYSVIEW_FreeRTOS.o
 .rodata        0x08007b64        0x9 ./ThirdParty/SEGGER/SEGGER/SEGGER_RTT.o
 *fill*         0x08007b6d        0x3 
 .rodata        0x08007b70       0x10 ./ThirdParty/SEGGER/SYSVIEW/SEGGER_SYSVIEW.o
 *(.rodata*)
 .rodata.AHBPrescTable
                0x08007b80       0x10 ./Core/Src/system_stm32f4xx.o
                0x08007b80                AHBPrescTable
 .rodata.APBPrescTable
                0x08007b90        0x8 ./Core/Src/system_stm32f4xx.o
                0x08007b90                APBPrescTable
 .rodata.uxTopUsedPriority
                0x08007b98        0x4 ./ThirdParty/FreeRTOS/tasks.o
 .rodata.SYSVIEW_X_OS_TraceAPI
                0x08007b9c        0x8 ./ThirdParty/SEGGER/OS/SEGGER_SYSVIEW_FreeRTOS.o
                0x08007b9c                SYSVIEW_X_OS_TraceAPI
 .rodata._aInitStr.0
                0x08007ba4       0x11 ./ThirdParty/SEGGER/SEGGER/SEGGER_RTT.o
 *fill*         0x08007bb5        0x3 
 .rodata._abSync
                0x08007bb8        0xa ./ThirdParty/SEGGER/SYSVIEW/SEGGER_SYSVIEW.o
                0x08007bc4                        . = ALIGN (0x4)
 *fill*         0x08007bc2        0x2 

.ARM.extab      0x08007bc4        0x0
                0x08007bc4                        . = ALIGN (0x4)
 *(.ARM.extab* .gnu.linkonce.armextab.*)
                0x08007bc4                        . = ALIGN (0x4)

.ARM            0x08007bc4        0x8
                0x08007bc4                        . = ALIGN (0x4)
                0x08007bc4                        __exidx_start = .
 *(.ARM.exidx*)
 .ARM.exidx     0x08007bc4        0x8 C:/ST/STM32CubeIDE_2.1.1/STM32CubeIDE/plugins/com.st.stm32cube.ide.mcu.externaltools.gnu-tools-for-stm32.14.3.rel1.win32_1.0.100.202602081740/tools/bin/../lib/gcc/arm-none-eabi/14.3.1/thumb/v7e-m+fp/hard\libgcc.a(_udivmoddi4.o)
                0x08007bcc                        __exidx_end = .
                0x08007bcc                        . = ALIGN (0x4)

.preinit_array  0x08007bcc        0x0
                0x08007bcc                        . = ALIGN (0x4)
                0x08007bcc                        PROVIDE (__preinit_array_start = .)
 *(.preinit_array*)
                0x08007bcc                        PROVIDE (__preinit_array_end = .)
                0x08007bcc                        . = ALIGN (0x4)

.init_array     0x08007bcc        0x4
                0x08007bcc                        . = ALIGN (0x4)
                0x08007bcc                        PROVIDE (__init_array_start = .)
 *(SORT_BY_NAME(.init_array.*))
 *(.init_array*)
 .init_array    0x08007bcc        0x4 C:/ST/STM32CubeIDE_2.1.1/STM32CubeIDE/plugins/com.st.stm32cube.ide.mcu.externaltools.gnu-tools-for-stm32.14.3.rel1.win32_1.0.100.202602081740/tools/bin/../lib/gcc/arm-none-eabi/14.3.1/thumb/v7e-m+fp/hard/crtbegin.o
                0x08007bd0                        PROVIDE (__init_array_end = .)
                0x08007bd0                        . = ALIGN (0x4)

.fini_array     0x08007bd0        0x4
                0x08007bd0                        . = ALIGN (0x4)
                [!provide]                        PROVIDE (__fini_array_start = .)
 *(SORT_BY_NAME(.fini_array.*))
 *(.fini_array*)
 .fini_array    0x08007bd0        0x4 C:/ST/STM32CubeIDE_2.1.1/STM32CubeIDE/plugins/com.st.stm32cube.ide.mcu.externaltools.gnu-tools-for-stm32.14.3.rel1.win32_1.0.100.202602081740/tools/bin/../lib/gcc/arm-none-eabi/14.3.1/thumb/v7e-m+fp/hard/crtbegin.o
                [!provide]                        PROVIDE (__fini_array_end = .)
                0x08007bd4                        . = ALIGN (0x4)
                0x08007bd4                        _sidata = LOADADDR (.data)

.rel.dyn        0x08007bd4        0x0
 .rel.iplt      0x08007bd4        0x0 C:/ST/STM32CubeIDE_2.1.1/STM32CubeIDE/plugins/com.st.stm32cube.ide.mcu.externaltools.gnu-tools-for-stm32.14.3.rel1.win32_1.0.100.202602081740/tools/bin/../lib/gcc/arm-none-eabi/14.3.1/thumb/v7e-m+fp/hard/crtbegin.o

.data           0x20000000       0x6c load address 0x08007bd4
                0x20000000                        . = ALIGN (0x4)
                0x20000000                        _sdata = .
 *(.data)
 *(.data*)
 .data.SystemCoreClock
                0x20000000        0x4 ./Core/Src/system_stm32f4xx.o
                0x20000000                SystemCoreClock
 .data.uwTickPrio
                0x20000004        0x4 ./Drivers/STM32F4xx_HAL_Driver/Src/stm32f4xx_hal.o
                0x20000004                uwTickPrio
 .data.uwTickFreq
                0x20000008        0x1 ./Drivers/STM32F4xx_HAL_Driver/Src/stm32f4xx_hal.o
                0x20000008                uwTickFreq
 *fill*         0x20000009        0x3 
 .data.uxCriticalNesting
                0x2000000c        0x4 ./ThirdParty/FreeRTOS/portable/GCC/ARM_CM4F/port.o
 .data.__sglue  0x20000010        0xc C:/ST/STM32CubeIDE_2.1.1/STM32CubeIDE/plugins/com.st.stm32cube.ide.mcu.externaltools.gnu-tools-for-stm32.14.3.rel1.win32_1.0.100.202602081740/tools/bin/../lib/gcc/arm-none-eabi/14.3.1/../../../../arm-none-eabi/lib/thumb/v7e-m+fp/hard\libc_nano.a(libc_a-findfp.o)
                0x20000010                __sglue
 .data._impure_ptr
                0x2000001c        0x4 C:/ST/STM32CubeIDE_2.1.1/STM32CubeIDE/plugins/com.st.stm32cube.ide.mcu.externaltools.gnu-tools-for-stm32.14.3.rel1.win32_1.0.100.202602081740/tools/bin/../lib/gcc/arm-none-eabi/14.3.1/../../../../arm-none-eabi/lib/thumb/v7e-m+fp/hard\libc_nano.a(libc_a-impure.o)
                0x2000001c                _impure_ptr
 .data._impure_data
                0x20000020       0x4c C:/ST/STM32CubeIDE_2.1.1/STM32CubeIDE/plugins/com.st.stm32cube.ide.mcu.externaltools.gnu-tools-for-stm32.14.3.rel1.win32_1.0.100.202602081740/tools/bin/../lib/gcc/arm-none-eabi/14.3.1/../../../../arm-none-eabi/lib/thumb/v7e-m+fp/hard\libc_nano.a(libc_a-impure.o)
                0x20000020                _impure_data
 *(.RamFunc)
 *(.RamFunc*)
                0x2000006c                        . = ALIGN (0x4)
                0x2000006c                        _edata = .

.igot.plt       0x2000006c        0x0 load address 0x08007c40
 .igot.plt      0x2000006c        0x0 C:/ST/STM32CubeIDE_2.1.1/STM32CubeIDE/plugins/com.st.stm32cube.ide.mcu.externaltools.gnu-tools-for-stm32.14.3.rel1.win32_1.0.100.202602081740/tools/bin/../lib/gcc/arm-none-eabi/14.3.1/thumb/v7e-m+fp/hard/crtbegin.o
                0x2000006c                        . = ALIGN (0x4)

.bss            0x20000070     0x2fec load address 0x08007c40
                0x20000070                        _sbss = .
                0x20000070                        __bss_start__ = _sbss
 *(.bss)
 .bss           0x20000070       0x1c C:/ST/STM32CubeIDE_2.1.1/STM32CubeIDE/plugins/com.st.stm32cube.ide.mcu.externaltools.gnu-tools-for-stm32.14.3.rel1.win32_1.0.100.202602081740/tools/bin/../lib/gcc/arm-none-eabi/14.3.1/thumb/v7e-m+fp/hard/crtbegin.o
 *(.bss*)
 .bss.htim6     0x2000008c       0x48 ./Core/Src/stm32f4xx_hal_timebase_tim.o
                0x2000008c                htim6
 .bss.uwTick    0x200000d4        0x4 ./Drivers/STM32F4xx_HAL_Driver/Src/stm32f4xx_hal.o
                0x200000d4                uwTick
 .bss.pxCurrentTCB
                0x200000d8        0x4 ./ThirdParty/FreeRTOS/tasks.o
                0x200000d8                pxCurrentTCB
 *fill*         0x200000dc        0x4 
 .bss.pxReadyTasksLists
                0x200000e0       0x78 ./ThirdParty/FreeRTOS/tasks.o
 .bss.xDelayedTaskList1
                0x20000158       0x18 ./ThirdParty/FreeRTOS/tasks.o
 .bss.xDelayedTaskList2
                0x20000170       0x18 ./ThirdParty/FreeRTOS/tasks.o
 .bss.pxDelayedTaskList
                0x20000188        0x4 ./ThirdParty/FreeRTOS/tasks.o
 .bss.pxOverflowDelayedTaskList
                0x2000018c        0x4 ./ThirdParty/FreeRTOS/tasks.o
 .bss.xPendingReadyList
                0x20000190       0x18 ./ThirdParty/FreeRTOS/tasks.o
 .bss.xTasksWaitingTermination
                0x200001a8       0x18 ./ThirdParty/FreeRTOS/tasks.o
 .bss.uxDeletedTasksWaitingCleanUp
                0x200001c0        0x4 ./ThirdParty/FreeRTOS/tasks.o
 *fill*         0x200001c4        0x4 
 .bss.xSuspendedTaskList
                0x200001c8       0x18 ./ThirdParty/FreeRTOS/tasks.o
 .bss.uxCurrentNumberOfTasks
                0x200001e0        0x4 ./ThirdParty/FreeRTOS/tasks.o
 *fill*         0x200001e4        0x4 
 .bss.xTickCount
                0x200001e8        0x8 ./ThirdParty/FreeRTOS/tasks.o
 .bss.uxTopReadyPriority
                0x200001f0        0x4 ./ThirdParty/FreeRTOS/tasks.o
 .bss.xSchedulerRunning
                0x200001f4        0x4 ./ThirdParty/FreeRTOS/tasks.o
 .bss.xPendedTicks
                0x200001f8        0x8 ./ThirdParty/FreeRTOS/tasks.o
 .bss.xYieldPendings
                0x20000200        0x4 ./ThirdParty/FreeRTOS/tasks.o
 .bss.xNumOfOverflows
                0x20000204        0x4 ./ThirdParty/FreeRTOS/tasks.o
 .bss.uxTaskNumber
                0x20000208        0x4 ./ThirdParty/FreeRTOS/tasks.o
 *fill*         0x2000020c        0x4 
 .bss.xNextTaskUnblockTime
                0x20000210        0x8 ./ThirdParty/FreeRTOS/tasks.o
 .bss.xIdleTaskHandles
                0x20000218        0x4 ./ThirdParty/FreeRTOS/tasks.o
 .bss.uxSchedulerSuspended
                0x2000021c        0x4 ./ThirdParty/FreeRTOS/tasks.o
 .bss.xIdleTaskTCB.3
                0x20000220       0x60 ./ThirdParty/FreeRTOS/tasks.o
 .bss.uxIdleTaskStack.2
                0x20000280      0x200 ./ThirdParty/FreeRTOS/tasks.o
 .bss.xTimerTaskTCB.1
                0x20000480       0x60 ./ThirdParty/FreeRTOS/tasks.o
 .bss.uxTimerTaskStack.0
                0x200004e0      0x200 ./ThirdParty/FreeRTOS/tasks.o
 .bss.xActiveTimerList1
                0x200006e0       0x18 ./ThirdParty/FreeRTOS/timers.o
 .bss.xActiveTimerList2
                0x200006f8       0x18 ./ThirdParty/FreeRTOS/timers.o
 .bss.pxCurrentTimerList
                0x20000710        0x4 ./ThirdParty/FreeRTOS/timers.o
 .bss.pxOverflowTimerList
                0x20000714        0x4 ./ThirdParty/FreeRTOS/timers.o
 .bss.xTimerQueue
                0x20000718        0x4 ./ThirdParty/FreeRTOS/timers.o
 .bss.xTimerTaskHandle
                0x2000071c        0x4 ./ThirdParty/FreeRTOS/timers.o
 .bss.xLastTime.2
                0x20000720        0x8 ./ThirdParty/FreeRTOS/timers.o
 .bss.ucStaticTimerQueueStorage.1
                0x20000728       0xf0 ./ThirdParty/FreeRTOS/timers.o
 .bss.xStaticTimerQueue.0
                0x20000818       0x50 ./ThirdParty/FreeRTOS/timers.o
 .bss.ucMaxSysCallPriority
                0x20000868        0x1 ./ThirdParty/FreeRTOS/portable/GCC/ARM_CM4F/port.o
 *fill*         0x20000869        0x3 
 .bss.ulMaxPRIGROUPValue
                0x2000086c        0x4 ./ThirdParty/FreeRTOS/portable/GCC/ARM_CM4F/port.o
 .bss.ucHeap    0x20000870     0x1000 ./ThirdParty/FreeRTOS/portable/MemMang/heap_4.o
 .bss.xStart    0x20001870        0x8 ./ThirdParty/FreeRTOS/portable/MemMang/heap_4.o
 .bss.pxEnd     0x20001878        0x4 ./ThirdParty/FreeRTOS/portable/MemMang/heap_4.o
 .bss.xFreeBytesRemaining
                0x2000187c        0x4 ./ThirdParty/FreeRTOS/portable/MemMang/heap_4.o
 .bss.xMinimumEverFreeBytesRemaining
                0x20001880        0x4 ./ThirdParty/FreeRTOS/portable/MemMang/heap_4.o
 .bss.xNumberOfSuccessfulAllocations
                0x20001884        0x4 ./ThirdParty/FreeRTOS/portable/MemMang/heap_4.o
 .bss.xNumberOfSuccessfulFrees
                0x20001888        0x4 ./ThirdParty/FreeRTOS/portable/MemMang/heap_4.o
 .bss._aTasks   0x2000188c       0xa0 ./ThirdParty/SEGGER/OS/SEGGER_SYSVIEW_FreeRTOS.o
 .bss._NumTasks
                0x2000192c        0x4 ./ThirdParty/SEGGER/OS/SEGGER_SYSVIEW_FreeRTOS.o
 .bss._SEGGER_RTT
                0x20001930       0xa8 ./ThirdParty/SEGGER/SEGGER/SEGGER_RTT.o
                0x20001930                _SEGGER_RTT
 .bss._acUpBuffer
                0x200019d8      0x400 ./ThirdParty/SEGGER/SEGGER/SEGGER_RTT.o
 .bss._acDownBuffer
                0x20001dd8       0x10 ./ThirdParty/SEGGER/SEGGER/SEGGER_RTT.o
 .bss._UpBuffer
                0x20001de8     0x1000 ./ThirdParty/SEGGER/SYSVIEW/SEGGER_SYSVIEW.o
 .bss._DownBuffer
                0x20002de8        0x8 ./ThirdParty/SEGGER/SYSVIEW/SEGGER_SYSVIEW.o
 .bss._SYSVIEW_Globals
                0x20002df0       0x30 ./ThirdParty/SEGGER/SYSVIEW/SEGGER_SYSVIEW.o
 .bss._pFirstModule
                0x20002e20        0x4 ./ThirdParty/SEGGER/SYSVIEW/SEGGER_SYSVIEW.o
 .bss._NumModules
                0x20002e24        0x1 ./ThirdParty/SEGGER/SYSVIEW/SEGGER_SYSVIEW.o
 *fill*         0x20002e25        0x3 
 .bss._aPacket  0x20002e28       0xe3 ./ThirdParty/SEGGER/SYSVIEW/SEGGER_SYSVIEW.o
 *fill*         0x20002f0b        0x1 
 .bss.__sf      0x20002f0c      0x138 C:/ST/STM32CubeIDE_2.1.1/STM32CubeIDE/plugins/com.st.stm32cube.ide.mcu.externaltools.gnu-tools-for-stm32.14.3.rel1.win32_1.0.100.202602081740/tools/bin/../lib/gcc/arm-none-eabi/14.3.1/../../../../arm-none-eabi/lib/thumb/v7e-m+fp/hard\libc_nano.a(libc_a-findfp.o)
                0x20002f0c                __sf
 .bss.__stdio_exit_handler
                0x20003044        0x4 C:/ST/STM32CubeIDE_2.1.1/STM32CubeIDE/plugins/com.st.stm32cube.ide.mcu.externaltools.gnu-tools-for-stm32.14.3.rel1.win32_1.0.100.202602081740/tools/bin/../lib/gcc/arm-none-eabi/14.3.1/../../../../arm-none-eabi/lib/thumb/v7e-m+fp/hard\libc_nano.a(libc_a-findfp.o)
                0x20003044                __stdio_exit_handler
 .bss.errno     0x20003048        0x4 C:/ST/STM32CubeIDE_2.1.1/STM32CubeIDE/plugins/com.st.stm32cube.ide.mcu.externaltools.gnu-tools-for-stm32.14.3.rel1.win32_1.0.100.202602081740/tools/bin/../lib/gcc/arm-none-eabi/14.3.1/../../../../arm-none-eabi/lib/thumb/v7e-m+fp/hard\libc_nano.a(libc_a-reent.o)
                0x20003048                errno
 .bss.__lock___malloc_recursive_mutex
                0x2000304c        0x1 C:/ST/STM32CubeIDE_2.1.1/STM32CubeIDE/plugins/com.st.stm32cube.ide.mcu.externaltools.gnu-tools-for-stm32.14.3.rel1.win32_1.0.100.202602081740/tools/bin/../lib/gcc/arm-none-eabi/14.3.1/../../../../arm-none-eabi/lib/thumb/v7e-m+fp/hard\libc_nano.a(libc_a-lock.o)
                0x2000304c                __lock___malloc_recursive_mutex
 .bss.__lock___sfp_recursive_mutex
                0x2000304d        0x1 C:/ST/STM32CubeIDE_2.1.1/STM32CubeIDE/plugins/com.st.stm32cube.ide.mcu.externaltools.gnu-tools-for-stm32.14.3.rel1.win32_1.0.100.202602081740/tools/bin/../lib/gcc/arm-none-eabi/14.3.1/../../../../arm-none-eabi/lib/thumb/v7e-m+fp/hard\libc_nano.a(libc_a-lock.o)
                0x2000304d                __lock___sfp_recursive_mutex
 *fill*         0x2000304e        0x2 
 .bss.__malloc_sbrk_start
                0x20003050        0x4 C:/ST/STM32CubeIDE_2.1.1/STM32CubeIDE/plugins/com.st.stm32cube.ide.mcu.externaltools.gnu-tools-for-stm32.14.3.rel1.win32_1.0.100.202602081740/tools/bin/../lib/gcc/arm-none-eabi/14.3.1/../../../../arm-none-eabi/lib/thumb/v7e-m+fp/hard\libc_nano.a(libc_a-mallocr.o)
                0x20003050                __malloc_sbrk_start
 .bss.__malloc_free_list
                0x20003054        0x4 C:/ST/STM32CubeIDE_2.1.1/STM32CubeIDE/plugins/com.st.stm32cube.ide.mcu.externaltools.gnu-tools-for-stm32.14.3.rel1.win32_1.0.100.202602081740/tools/bin/../lib/gcc/arm-none-eabi/14.3.1/../../../../arm-none-eabi/lib/thumb/v7e-m+fp/hard\libc_nano.a(libc_a-mallocr.o)
                0x20003054                __malloc_free_list
 .bss.heap_end.0
                0x20003058        0x4 C:/ST/STM32CubeIDE_2.1.1/STM32CubeIDE/plugins/com.st.stm32cube.ide.mcu.externaltools.gnu-tools-for-stm32.14.3.rel1.win32_1.0.100.202602081740/tools/bin/../lib/gcc/arm-none-eabi/14.3.1/../../../../arm-none-eabi/lib/thumb/v7e-m+fp/hard\libnosys.a(sbrk.o)
 *(COMMON)
                0x2000305c                        . = ALIGN (0x4)
                0x2000305c                        _ebss = .
                0x2000305c                        __bss_end__ = _ebss

._user_heap_stack
                0x2000305c      0x604 load address 0x08007c40
                0x20003060                        . = ALIGN (0x8)
 *fill*         0x2000305c        0x4 
                0x20003060                        PROVIDE (end = .)
                [!provide]                        PROVIDE (_end = .)
                0x20003260                        . = (. + _Min_Heap_Size)
 *fill*         0x20003060      0x200 
                0x20003660                        . = (. + _Min_Stack_Size)
 *fill*         0x20003260      0x400 
                0x20003660                        . = ALIGN (0x8)

/DISCARD/
 libc.a(*)
 libm.a(*)
 libgcc.a(*)

.ARM.attributes
                0x00000000       0x30
 *(.ARM.attributes)
 .ARM.attributes
                0x00000000       0x22 C:/ST/STM32CubeIDE_2.1.1/STM32CubeIDE/plugins/com.st.stm32cube.ide.mcu.externaltools.gnu-tools-for-stm32.14.3.rel1.win32_1.0.100.202602081740/tools/bin/../lib/gcc/arm-none-eabi/14.3.1/thumb/v7e-m+fp/hard/crti.o
 .ARM.attributes
                0x00000022       0x34 C:/ST/STM32CubeIDE_2.1.1/STM32CubeIDE/plugins/com.st.stm32cube.ide.mcu.externaltools.gnu-tools-for-stm32.14.3.rel1.win32_1.0.100.202602081740/tools/bin/../lib/gcc/arm-none-eabi/14.3.1/thumb/v7e-m+fp/hard/crtbegin.o
 .ARM.attributes
                0x00000056       0x34 ./Core/Src/main.o
 .ARM.attributes
                0x0000008a       0x34 ./Core/Src/stm32f4xx_hal_msp.o
 .ARM.attributes
                0x000000be       0x34 ./Core/Src/stm32f4xx_hal_timebase_tim.o
 .ARM.attributes
                0x000000f2       0x34 ./Core/Src/stm32f4xx_it.o
 .ARM.attributes
                0x00000126       0x34 ./Core/Src/syscalls.o
 .ARM.attributes
                0x0000015a       0x34 ./Core/Src/system_stm32f4xx.o
 .ARM.attributes
                0x0000018e       0x21 ./Core/Startup/startup_stm32f446retx.o
 .ARM.attributes
                0x000001af       0x34 ./Drivers/STM32F4xx_HAL_Driver/Src/stm32f4xx_hal.o
 .ARM.attributes
                0x000001e3       0x34 ./Drivers/STM32F4xx_HAL_Driver/Src/stm32f4xx_hal_cortex.o
 .ARM.attributes
                0x00000217       0x34 ./Drivers/STM32F4xx_HAL_Driver/Src/stm32f4xx_hal_rcc.o
 .ARM.attributes
                0x0000024b       0x34 ./Drivers/STM32F4xx_HAL_Driver/Src/stm32f4xx_hal_rcc_ex.o
 .ARM.attributes
                0x0000027f       0x34 ./Drivers/STM32F4xx_HAL_Driver/Src/stm32f4xx_hal_tim.o
 .ARM.attributes
                0x000002b3       0x34 ./Drivers/STM32F4xx_HAL_Driver/Src/stm32f4xx_hal_tim_ex.o
 .ARM.attributes
                0x000002e7       0x34 ./ThirdParty/FreeRTOS/list.o
 .ARM.attributes
                0x0000031b       0x34 ./ThirdParty/FreeRTOS/queue.o
 .ARM.attributes
                0x0000034f       0x34 ./ThirdParty/FreeRTOS/tasks.o
 .ARM.attributes
                0x00000383       0x34 ./ThirdParty/FreeRTOS/timers.o
 .ARM.attributes
                0x000003b7       0x34 ./ThirdParty/FreeRTOS/portable/GCC/ARM_CM4F/port.o
 .ARM.attributes
                0x000003eb       0x34 ./ThirdParty/FreeRTOS/portable/MemMang/heap_4.o
 .ARM.attributes
                0x0000041f       0x34 ./ThirdParty/SEGGER/Config/SEGGER_SYSVIEW_Config_FreeRTOS.o
 .ARM.attributes
                0x00000453       0x34 ./ThirdParty/SEGGER/OS/SEGGER_SYSVIEW_FreeRTOS.o
 .ARM.attributes
                0x00000487       0x34 ./ThirdParty/SEGGER/SEGGER/SEGGER_RTT.o
 .ARM.attributes
                0x000004bb       0x20 ./ThirdParty/SEGGER/SEGGER/SEGGER_RTT_ASM_ARMv7M.o
 .ARM.attributes
                0x000004db       0x34 ./ThirdParty/SEGGER/SEGGER/Syscalls/SEGGER_RTT_Syscalls_GCC.o
 .ARM.attributes
                0x0000050f       0x34 ./ThirdParty/SEGGER/SYSVIEW/SEGGER_SYSVIEW.o
 .ARM.attributes
                0x00000543       0x34 C:/ST/STM32CubeIDE_2.1.1/STM32CubeIDE/plugins/com.st.stm32cube.ide.mcu.externaltools.gnu-tools-for-stm32.14.3.rel1.win32_1.0.100.202602081740/tools/bin/../lib/gcc/arm-none-eabi/14.3.1/../../../../arm-none-eabi/lib/thumb/v7e-m+fp/hard\libc_nano.a(libc_a-findfp.o)
 .ARM.attributes
                0x00000577       0x34 C:/ST/STM32CubeIDE_2.1.1/STM32CubeIDE/plugins/com.st.stm32cube.ide.mcu.externaltools.gnu-tools-for-stm32.14.3.rel1.win32_1.0.100.202602081740/tools/bin/../lib/gcc/arm-none-eabi/14.3.1/../../../../arm-none-eabi/lib/thumb/v7e-m+fp/hard\libc_nano.a(libc_a-fwalk.o)
 .ARM.attributes
                0x000005ab       0x34 C:/ST/STM32CubeIDE_2.1.1/STM32CubeIDE/plugins/com.st.stm32cube.ide.mcu.externaltools.gnu-tools-for-stm32.14.3.rel1.win32_1.0.100.202602081740/tools/bin/../lib/gcc/arm-none-eabi/14.3.1/../../../../arm-none-eabi/lib/thumb/v7e-m+fp/hard\libc_nano.a(libc_a-puts.o)
 .ARM.attributes
                0x000005df       0x34 C:/ST/STM32CubeIDE_2.1.1/STM32CubeIDE/plugins/com.st.stm32cube.ide.mcu.externaltools.gnu-tools-for-stm32.14.3.rel1.win32_1.0.100.202602081740/tools/bin/../lib/gcc/arm-none-eabi/14.3.1/../../../../arm-none-eabi/lib/thumb/v7e-m+fp/hard\libc_nano.a(libc_a-stdio.o)
 .ARM.attributes
                0x00000613       0x34 C:/ST/STM32CubeIDE_2.1.1/STM32CubeIDE/plugins/com.st.stm32cube.ide.mcu.externaltools.gnu-tools-for-stm32.14.3.rel1.win32_1.0.100.202602081740/tools/bin/../lib/gcc/arm-none-eabi/14.3.1/../../../../arm-none-eabi/lib/thumb/v7e-m+fp/hard\libc_nano.a(libc_a-wbuf.o)
 .ARM.attributes
                0x00000647       0x34 C:/ST/STM32CubeIDE_2.1.1/STM32CubeIDE/plugins/com.st.stm32cube.ide.mcu.externaltools.gnu-tools-for-stm32.14.3.rel1.win32_1.0.100.202602081740/tools/bin/../lib/gcc/arm-none-eabi/14.3.1/../../../../arm-none-eabi/lib/thumb/v7e-m+fp/hard\libc_nano.a(libc_a-wsetup.o)
 .ARM.attributes
                0x0000067b       0x34 C:/ST/STM32CubeIDE_2.1.1/STM32CubeIDE/plugins/com.st.stm32cube.ide.mcu.externaltools.gnu-tools-for-stm32.14.3.rel1.win32_1.0.100.202602081740/tools/bin/../lib/gcc/arm-none-eabi/14.3.1/../../../../arm-none-eabi/lib/thumb/v7e-m+fp/hard\libc_nano.a(libc_a-memcmp.o)
 .ARM.attributes
                0x000006af       0x34 C:/ST/STM32CubeIDE_2.1.1/STM32CubeIDE/plugins/com.st.stm32cube.ide.mcu.externaltools.gnu-tools-for-stm32.14.3.rel1.win32_1.0.100.202602081740/tools/bin/../lib/gcc/arm-none-eabi/14.3.1/../../../../arm-none-eabi/lib/thumb/v7e-m+fp/hard\libc_nano.a(libc_a-memset.o)
 .ARM.attributes
                0x000006e3       0x34 C:/ST/STM32CubeIDE_2.1.1/STM32CubeIDE/plugins/com.st.stm32cube.ide.mcu.externaltools.gnu-tools-for-stm32.14.3.rel1.win32_1.0.100.202602081740/tools/bin/../lib/gcc/arm-none-eabi/14.3.1/../../../../arm-none-eabi/lib/thumb/v7e-m+fp/hard\libc_nano.a(libc_a-closer.o)
 .ARM.attributes
                0x00000717       0x34 C:/ST/STM32CubeIDE_2.1.1/STM32CubeIDE/plugins/com.st.stm32cube.ide.mcu.externaltools.gnu-tools-for-stm32.14.3.rel1.win32_1.0.100.202602081740/tools/bin/../lib/gcc/arm-none-eabi/14.3.1/../../../../arm-none-eabi/lib/thumb/v7e-m+fp/hard\libc_nano.a(libc_a-reent.o)
 .ARM.attributes
                0x0000074b       0x34 C:/ST/STM32CubeIDE_2.1.1/STM32CubeIDE/plugins/com.st.stm32cube.ide.mcu.externaltools.gnu-tools-for-stm32.14.3.rel1.win32_1.0.100.202602081740/tools/bin/../lib/gcc/arm-none-eabi/14.3.1/../../../../arm-none-eabi/lib/thumb/v7e-m+fp/hard\libc_nano.a(libc_a-impure.o)
 .ARM.attributes
                0x0000077f       0x34 C:/ST/STM32CubeIDE_2.1.1/STM32CubeIDE/plugins/com.st.stm32cube.ide.mcu.externaltools.gnu-tools-for-stm32.14.3.rel1.win32_1.0.100.202602081740/tools/bin/../lib/gcc/arm-none-eabi/14.3.1/../../../../arm-none-eabi/lib/thumb/v7e-m+fp/hard\libc_nano.a(libc_a-lseekr.o)
 .ARM.attributes
                0x000007b3       0x34 C:/ST/STM32CubeIDE_2.1.1/STM32CubeIDE/plugins/com.st.stm32cube.ide.mcu.externaltools.gnu-tools-for-stm32.14.3.rel1.win32_1.0.100.202602081740/tools/bin/../lib/gcc/arm-none-eabi/14.3.1/../../../../arm-none-eabi/lib/thumb/v7e-m+fp/hard\libc_nano.a(libc_a-readr.o)
 .ARM.attributes
                0x000007e7       0x34 C:/ST/STM32CubeIDE_2.1.1/STM32CubeIDE/plugins/com.st.stm32cube.ide.mcu.externaltools.gnu-tools-for-stm32.14.3.rel1.win32_1.0.100.202602081740/tools/bin/../lib/gcc/arm-none-eabi/14.3.1/../../../../arm-none-eabi/lib/thumb/v7e-m+fp/hard\libc_nano.a(libc_a-init.o)
 .ARM.attributes
                0x0000081b       0x34 C:/ST/STM32CubeIDE_2.1.1/STM32CubeIDE/plugins/com.st.stm32cube.ide.mcu.externaltools.gnu-tools-for-stm32.14.3.rel1.win32_1.0.100.202602081740/tools/bin/../lib/gcc/arm-none-eabi/14.3.1/../../../../arm-none-eabi/lib/thumb/v7e-m+fp/hard\libc_nano.a(libc_a-lock.o)
 .ARM.attributes
                0x0000084f       0x34 C:/ST/STM32CubeIDE_2.1.1/STM32CubeIDE/plugins/com.st.stm32cube.ide.mcu.externaltools.gnu-tools-for-stm32.14.3.rel1.win32_1.0.100.202602081740/tools/bin/../lib/gcc/arm-none-eabi/14.3.1/../../../../arm-none-eabi/lib/thumb/v7e-m+fp/hard\libc_nano.a(libc_a-memcpy-stub.o)
 .ARM.attributes
                0x00000883       0x34 C:/ST/STM32CubeIDE_2.1.1/STM32CubeIDE/plugins/com.st.stm32cube.ide.mcu.externaltools.gnu-tools-for-stm32.14.3.rel1.win32_1.0.100.202602081740/tools/bin/../lib/gcc/arm-none-eabi/14.3.1/../../../../arm-none-eabi/lib/thumb/v7e-m+fp/hard\libc_nano.a(libc_a-freer.o)
 .ARM.attributes
                0x000008b7       0x34 C:/ST/STM32CubeIDE_2.1.1/STM32CubeIDE/plugins/com.st.stm32cube.ide.mcu.externaltools.gnu-tools-for-stm32.14.3.rel1.win32_1.0.100.202602081740/tools/bin/../lib/gcc/arm-none-eabi/14.3.1/../../../../arm-none-eabi/lib/thumb/v7e-m+fp/hard\libc_nano.a(libc_a-mallocr.o)
 .ARM.attributes
                0x000008eb       0x34 C:/ST/STM32CubeIDE_2.1.1/STM32CubeIDE/plugins/com.st.stm32cube.ide.mcu.externaltools.gnu-tools-for-stm32.14.3.rel1.win32_1.0.100.202602081740/tools/bin/../lib/gcc/arm-none-eabi/14.3.1/../../../../arm-none-eabi/lib/thumb/v7e-m+fp/hard\libc_nano.a(libc_a-mlock.o)
 .ARM.attributes
                0x0000091f       0x34 C:/ST/STM32CubeIDE_2.1.1/STM32CubeIDE/plugins/com.st.stm32cube.ide.mcu.externaltools.gnu-tools-for-stm32.14.3.rel1.win32_1.0.100.202602081740/tools/bin/../lib/gcc/arm-none-eabi/14.3.1/../../../../arm-none-eabi/lib/thumb/v7e-m+fp/hard\libc_nano.a(libc_a-fflush.o)
 .ARM.attributes
                0x00000953       0x34 C:/ST/STM32CubeIDE_2.1.1/STM32CubeIDE/plugins/com.st.stm32cube.ide.mcu.externaltools.gnu-tools-for-stm32.14.3.rel1.win32_1.0.100.202602081740/tools/bin/../lib/gcc/arm-none-eabi/14.3.1/../../../../arm-none-eabi/lib/thumb/v7e-m+fp/hard\libc_nano.a(libc_a-makebuf.o)
 .ARM.attributes
                0x00000987       0x34 C:/ST/STM32CubeIDE_2.1.1/STM32CubeIDE/plugins/com.st.stm32cube.ide.mcu.externaltools.gnu-tools-for-stm32.14.3.rel1.win32_1.0.100.202602081740/tools/bin/../lib/gcc/arm-none-eabi/14.3.1/../../../../arm-none-eabi/lib/thumb/v7e-m+fp/hard\libc_nano.a(libc_a-fstatr.o)
 .ARM.attributes
                0x000009bb       0x34 C:/ST/STM32CubeIDE_2.1.1/STM32CubeIDE/plugins/com.st.stm32cube.ide.mcu.externaltools.gnu-tools-for-stm32.14.3.rel1.win32_1.0.100.202602081740/tools/bin/../lib/gcc/arm-none-eabi/14.3.1/../../../../arm-none-eabi/lib/thumb/v7e-m+fp/hard\libc_nano.a(libc_a-isattyr.o)
 .ARM.attributes
                0x000009ef       0x34 C:/ST/STM32CubeIDE_2.1.1/STM32CubeIDE/plugins/com.st.stm32cube.ide.mcu.externaltools.gnu-tools-for-stm32.14.3.rel1.win32_1.0.100.202602081740/tools/bin/../lib/gcc/arm-none-eabi/14.3.1/../../../../arm-none-eabi/lib/thumb/v7e-m+fp/hard\libc_nano.a(libc_a-sbrkr.o)
 .ARM.attributes
                0x00000a23       0x22 C:/ST/STM32CubeIDE_2.1.1/STM32CubeIDE/plugins/com.st.stm32cube.ide.mcu.externaltools.gnu-tools-for-stm32.14.3.rel1.win32_1.0.100.202602081740/tools/bin/../lib/gcc/arm-none-eabi/14.3.1/thumb/v7e-m+fp/hard\libgcc.a(_aeabi_uldivmod.o)
 .ARM.attributes
                0x00000a45       0x34 C:/ST/STM32CubeIDE_2.1.1/STM32CubeIDE/plugins/com.st.stm32cube.ide.mcu.externaltools.gnu-tools-for-stm32.14.3.rel1.win32_1.0.100.202602081740/tools/bin/../lib/gcc/arm-none-eabi/14.3.1/thumb/v7e-m+fp/hard\libgcc.a(_udivmoddi4.o)
 .ARM.attributes
                0x00000a79       0x22 C:/ST/STM32CubeIDE_2.1.1/STM32CubeIDE/plugins/com.st.stm32cube.ide.mcu.externaltools.gnu-tools-for-stm32.14.3.rel1.win32_1.0.100.202602081740/tools/bin/../lib/gcc/arm-none-eabi/14.3.1/thumb/v7e-m+fp/hard\libgcc.a(_dvmd_tls.o)
 .ARM.attributes
                0x00000a9b       0x34 C:/ST/STM32CubeIDE_2.1.1/STM32CubeIDE/plugins/com.st.stm32cube.ide.mcu.externaltools.gnu-tools-for-stm32.14.3.rel1.win32_1.0.100.202602081740/tools/bin/../lib/gcc/arm-none-eabi/14.3.1/../../../../arm-none-eabi/lib/thumb/v7e-m+fp/hard\libnosys.a(sbrk.o)
 .ARM.attributes
                0x00000acf       0x22 C:/ST/STM32CubeIDE_2.1.1/STM32CubeIDE/plugins/com.st.stm32cube.ide.mcu.externaltools.gnu-tools-for-stm32.14.3.rel1.win32_1.0.100.202602081740/tools/bin/../lib/gcc/arm-none-eabi/14.3.1/thumb/v7e-m+fp/hard/crtn.o
OUTPUT(Tasks001.elf elf32-littlearm)
LOAD linker stubs
LOAD C:/ST/STM32CubeIDE_2.1.1/STM32CubeIDE/plugins/com.st.stm32cube.ide.mcu.externaltools.gnu-tools-for-stm32.14.3.rel1.win32_1.0.100.202602081740/tools/bin/../lib/gcc/arm-none-eabi/14.3.1/../../../../arm-none-eabi/lib/thumb/v7e-m+fp/hard\libc.a
LOAD C:/ST/STM32CubeIDE_2.1.1/STM32CubeIDE/plugins/com.st.stm32cube.ide.mcu.externaltools.gnu-tools-for-stm32.14.3.rel1.win32_1.0.100.202602081740/tools/bin/../lib/gcc/arm-none-eabi/14.3.1/../../../../arm-none-eabi/lib/thumb/v7e-m+fp/hard\libm.a
LOAD C:/ST/STM32CubeIDE_2.1.1/STM32CubeIDE/plugins/com.st.stm32cube.ide.mcu.externaltools.gnu-tools-for-stm32.14.3.rel1.win32_1.0.100.202602081740/tools/bin/../lib/gcc/arm-none-eabi/14.3.1/thumb/v7e-m+fp/hard\libgcc.a

.debug_info     0x00000000    0x184b0
 .debug_info    0x00000000      0xd19 ./Core/Src/main.o
 .debug_info    0x00000d19      0x299 ./Core/Src/stm32f4xx_hal_msp.o
 .debug_info    0x00000fb2      0xc44 ./Core/Src/stm32f4xx_hal_timebase_tim.o
 .debug_info    0x00001bf6      0x6ab ./Core/Src/stm32f4xx_it.o
 .debug_info    0x000022a1      0x6d1 ./Core/Src/syscalls.o
 .debug_info    0x00002972      0x54a ./Core/Src/system_stm32f4xx.o
 .debug_info    0x00002ebc       0x30 ./Core/Startup/startup_stm32f446retx.o
 .debug_info    0x00002eec      0x99a ./Drivers/STM32F4xx_HAL_Driver/Src/stm32f4xx_hal.o
 .debug_info    0x00003886      0xdaa ./Drivers/STM32F4xx_HAL_Driver/Src/stm32f4xx_hal_cortex.o
 .debug_info    0x00004630      0x8ff ./Drivers/STM32F4xx_HAL_Driver/Src/stm32f4xx_hal_rcc.o
 .debug_info    0x00004f2f      0x960 ./Drivers/STM32F4xx_HAL_Driver/Src/stm32f4xx_hal_rcc_ex.o
 .debug_info    0x0000588f     0x299d ./Drivers/STM32F4xx_HAL_Driver/Src/stm32f4xx_hal_tim.o
 .debug_info    0x0000822c     0x14db ./Drivers/STM32F4xx_HAL_Driver/Src/stm32f4xx_hal_tim_ex.o
 .debug_info    0x00009707      0x320 ./ThirdParty/FreeRTOS/list.o
 .debug_info    0x00009a27     0x1b1a ./ThirdParty/FreeRTOS/queue.o
 .debug_info    0x0000b541     0x2cb5 ./ThirdParty/FreeRTOS/tasks.o
 .debug_info    0x0000e1f6     0x144c ./ThirdParty/FreeRTOS/timers.o
 .debug_info    0x0000f642      0x58b ./ThirdParty/FreeRTOS/portable/GCC/ARM_CM4F/port.o
 .debug_info    0x0000fbcd      0x5f1 ./ThirdParty/FreeRTOS/portable/MemMang/heap_4.o
 .debug_info    0x000101be      0x15d ./ThirdParty/SEGGER/Config/SEGGER_SYSVIEW_Config_FreeRTOS.o
 .debug_info    0x0001031b      0x490 ./ThirdParty/SEGGER/OS/SEGGER_SYSVIEW_FreeRTOS.o
 .debug_info    0x000107ab     0x14d0 ./ThirdParty/SEGGER/SEGGER/SEGGER_RTT.o
 .debug_info    0x00011c7b       0x25 ./ThirdParty/SEGGER/SEGGER/SEGGER_RTT_ASM_ARMv7M.o
 .debug_info    0x00011ca0      0x7a8 ./ThirdParty/SEGGER/SEGGER/Syscalls/SEGGER_RTT_Syscalls_GCC.o
 .debug_info    0x00012448     0x6068 ./ThirdParty/SEGGER/SYSVIEW/SEGGER_SYSVIEW.o

.debug_abbrev   0x00000000     0x32e9
 .debug_abbrev  0x00000000      0x2c9 ./Core/Src/main.o
 .debug_abbrev  0x000002c9       0xd8 ./Core/Src/stm32f4xx_hal_msp.o
 .debug_abbrev  0x000003a1      0x1f4 ./Core/Src/stm32f4xx_hal_timebase_tim.o
 .debug_abbrev  0x00000595      0x17d ./Core/Src/stm32f4xx_it.o
 .debug_abbrev  0x00000712      0x1b1 ./Core/Src/syscalls.o
 .debug_abbrev  0x000008c3      0x11a ./Core/Src/system_stm32f4xx.o
 .debug_abbrev  0x000009dd       0x24 ./Core/Startup/startup_stm32f446retx.o
 .debug_abbrev  0x00000a01      0x214 ./Drivers/STM32F4xx_HAL_Driver/Src/stm32f4xx_hal.o
 .debug_abbrev  0x00000c15      0x31d ./Drivers/STM32F4xx_HAL_Driver/Src/stm32f4xx_hal_cortex.o
 .debug_abbrev  0x00000f32      0x2b7 ./Drivers/STM32F4xx_HAL_Driver/Src/stm32f4xx_hal_rcc.o
 .debug_abbrev  0x000011e9      0x211 ./Drivers/STM32F4xx_HAL_Driver/Src/stm32f4xx_hal_rcc_ex.o
 .debug_abbrev  0x000013fa      0x278 ./Drivers/STM32F4xx_HAL_Driver/Src/stm32f4xx_hal_tim.o
 .debug_abbrev  0x00001672      0x283 ./Drivers/STM32F4xx_HAL_Driver/Src/stm32f4xx_hal_tim_ex.o
 .debug_abbrev  0x000018f5      0x123 ./ThirdParty/FreeRTOS/list.o
 .debug_abbrev  0x00001a18      0x342 ./ThirdParty/FreeRTOS/queue.o
 .debug_abbrev  0x00001d5a      0x393 ./ThirdParty/FreeRTOS/tasks.o
 .debug_abbrev  0x000020ed      0x33b ./ThirdParty/FreeRTOS/timers.o
 .debug_abbrev  0x00002428      0x235 ./ThirdParty/FreeRTOS/portable/GCC/ARM_CM4F/port.o
 .debug_abbrev  0x0000265d      0x25a ./ThirdParty/FreeRTOS/portable/MemMang/heap_4.o
 .debug_abbrev  0x000028b7       0xee ./ThirdParty/SEGGER/Config/SEGGER_SYSVIEW_Config_FreeRTOS.o
 .debug_abbrev  0x000029a5      0x201 ./ThirdParty/SEGGER/OS/SEGGER_SYSVIEW_FreeRTOS.o
 .debug_abbrev  0x00002ba6      0x231 ./ThirdParty/SEGGER/SEGGER/SEGGER_RTT.o
 .debug_abbrev  0x00002dd7       0x14 ./ThirdParty/SEGGER/SEGGER/SEGGER_RTT_ASM_ARMv7M.o
 .debug_abbrev  0x00002deb      0x1aa ./ThirdParty/SEGGER/SEGGER/Syscalls/SEGGER_RTT_Syscalls_GCC.o
 .debug_abbrev  0x00002f95      0x354 ./ThirdParty/SEGGER/SYSVIEW/SEGGER_SYSVIEW.o

.debug_aranges  0x00000000     0x1578
 .debug_aranges
                0x00000000       0x58 ./Core/Src/main.o
 .debug_aranges
                0x00000058       0x20 ./Core/Src/stm32f4xx_hal_msp.o
 .debug_aranges
                0x00000078       0x30 ./Core/Src/stm32f4xx_hal_timebase_tim.o
 .debug_aranges
                0x000000a8       0x50 ./Core/Src/stm32f4xx_it.o
 .debug_aranges
                0x000000f8       0xb0 ./Core/Src/syscalls.o
 .debug_aranges
                0x000001a8       0x28 ./Core/Src/system_stm32f4xx.o
 .debug_aranges
                0x000001d0       0x28 ./Core/Startup/startup_stm32f446retx.o
 .debug_aranges
                0x000001f8       0xf0 ./Drivers/STM32F4xx_HAL_Driver/Src/stm32f4xx_hal.o
 .debug_aranges
                0x000002e8      0x130 ./Drivers/STM32F4xx_HAL_Driver/Src/stm32f4xx_hal_cortex.o
 .debug_aranges
                0x00000418       0x88 ./Drivers/STM32F4xx_HAL_Driver/Src/stm32f4xx_hal_rcc.o
 .debug_aranges
                0x000004a0       0x78 ./Drivers/STM32F4xx_HAL_Driver/Src/stm32f4xx_hal_rcc_ex.o
 .debug_aranges
                0x00000518      0x3d0 ./Drivers/STM32F4xx_HAL_Driver/Src/stm32f4xx_hal_tim.o
 .debug_aranges
                0x000008e8      0x168 ./Drivers/STM32F4xx_HAL_Driver/Src/stm32f4xx_hal_tim_ex.o
 .debug_aranges
                0x00000a50       0x40 ./ThirdParty/FreeRTOS/list.o
 .debug_aranges
                0x00000a90      0x130 ./ThirdParty/FreeRTOS/queue.o
 .debug_aranges
                0x00000bc0      0x228 ./ThirdParty/FreeRTOS/tasks.o
 .debug_aranges
                0x00000de8       0xf8 ./ThirdParty/FreeRTOS/timers.o
 .debug_aranges
                0x00000ee0       0x80 ./ThirdParty/FreeRTOS/portable/GCC/ARM_CM4F/port.o
 .debug_aranges
                0x00000f60       0x70 ./ThirdParty/FreeRTOS/portable/MemMang/heap_4.o
 .debug_aranges
                0x00000fd0       0x28 ./ThirdParty/SEGGER/Config/SEGGER_SYSVIEW_Config_FreeRTOS.o
 .debug_aranges
                0x00000ff8       0x48 ./ThirdParty/SEGGER/OS/SEGGER_SYSVIEW_FreeRTOS.o
 .debug_aranges
                0x00001040      0x138 ./ThirdParty/SEGGER/SEGGER/SEGGER_RTT.o
 .debug_aranges
                0x00001178       0x20 ./ThirdParty/SEGGER/SEGGER/SEGGER_RTT_ASM_ARMv7M.o
 .debug_aranges
                0x00001198       0x28 ./ThirdParty/SEGGER/SEGGER/Syscalls/SEGGER_RTT_Syscalls_GCC.o
 .debug_aranges
                0x000011c0      0x3b8 ./ThirdParty/SEGGER/SYSVIEW/SEGGER_SYSVIEW.o

.debug_rnglists
                0x00000000     0x1096
 .debug_rnglists
                0x00000000       0x3f ./Core/Src/main.o
 .debug_rnglists
                0x0000003f       0x13 ./Core/Src/stm32f4xx_hal_msp.o
 .debug_rnglists
                0x00000052       0x20 ./Core/Src/stm32f4xx_hal_timebase_tim.o
 .debug_rnglists
                0x00000072       0x37 ./Core/Src/stm32f4xx_it.o
 .debug_rnglists
                0x000000a9       0x7f ./Core/Src/syscalls.o
 .debug_rnglists
                0x00000128       0x1a ./Core/Src/system_stm32f4xx.o
 .debug_rnglists
                0x00000142       0x19 ./Core/Startup/startup_stm32f446retx.o
 .debug_rnglists
                0x0000015b       0xaf ./Drivers/STM32F4xx_HAL_Driver/Src/stm32f4xx_hal.o
 .debug_rnglists
                0x0000020a       0xe0 ./Drivers/STM32F4xx_HAL_Driver/Src/stm32f4xx_hal_cortex.o
 .debug_rnglists
                0x000002ea       0x66 ./Drivers/STM32F4xx_HAL_Driver/Src/stm32f4xx_hal_rcc.o
 .debug_rnglists
                0x00000350       0x5e ./Drivers/STM32F4xx_HAL_Driver/Src/stm32f4xx_hal_rcc_ex.o
 .debug_rnglists